Jun 30 10:32:22 daveti-ThinkCentre-M58e rsyslogd: [origin software="rsyslogd" swVersion="7.4.4" x-pid="704" x-info="http://www.rsyslog.com"] rsyslogd was HUPed
Jun 30 10:32:56 daveti-ThinkCentre-M58e anacron[856]: Job `cron.daily' terminated
Jun 30 10:32:56 daveti-ThinkCentre-M58e anacron[856]: Normal exit (1 job run)
Jun 30 11:17:01 daveti-ThinkCentre-M58e CRON[2775]: (root) CMD (   cd / && run-parts --report /etc/cron.hourly)
Jun 30 11:21:06 daveti-ThinkCentre-M58e kernel: [ 3975.592031] hub 4-0:1.0: state 7 ports 2 chg 0000 evt 0002
Jun 30 11:21:06 daveti-ThinkCentre-M58e kernel: [ 3975.592044] uhci_hcd 0000:00:1d.2: port 1 portsc 0082,00
Jun 30 11:21:06 daveti-ThinkCentre-M58e kernel: [ 3975.592069] daveti2: into hub_port_connect_change
Jun 30 11:21:06 daveti-ThinkCentre-M58e kernel: [ 3975.592073] hub 4-0:1.0: port 1, status 0100, change 0001, 12 Mb/s
Jun 30 11:21:06 daveti-ThinkCentre-M58e kernel: [ 3975.720021] hub 4-0:1.0: debounce: port 1: total 100ms stable 100ms status 0x100
Jun 30 12:17:01 daveti-ThinkCentre-M58e CRON[2789]: (root) CMD (   cd / && run-parts --report /etc/cron.hourly)
Jun 30 13:17:01 daveti-ThinkCentre-M58e CRON[2803]: (root) CMD (   cd / && run-parts --report /etc/cron.hourly)
Jun 30 14:17:01 daveti-ThinkCentre-M58e CRON[2815]: (root) CMD (   cd / && run-parts --report /etc/cron.hourly)
Jun 30 15:17:01 daveti-ThinkCentre-M58e CRON[2829]: (root) CMD (   cd / && run-parts --report /etc/cron.hourly)
Jun 30 16:17:01 daveti-ThinkCentre-M58e CRON[2841]: (root) CMD (   cd / && run-parts --report /etc/cron.hourly)
Jun 30 17:08:29 daveti-ThinkCentre-M58e kernel: [24818.203007] perf samples too long (2505 > 2500), lowering kernel.perf_event_max_sample_rate to 50000
Jun 30 17:17:01 daveti-ThinkCentre-M58e CRON[2854]: (root) CMD (   cd / && run-parts --report /etc/cron.hourly)
Jun 30 18:17:01 daveti-ThinkCentre-M58e CRON[2866]: (root) CMD (   cd / && run-parts --report /etc/cron.hourly)
Jun 30 19:17:01 daveti-ThinkCentre-M58e CRON[2879]: (root) CMD (   cd / && run-parts --report /etc/cron.hourly)
Jun 30 20:17:01 daveti-ThinkCentre-M58e CRON[2891]: (root) CMD (   cd / && run-parts --report /etc/cron.hourly)
Jun 30 21:17:01 daveti-ThinkCentre-M58e CRON[2903]: (root) CMD (   cd / && run-parts --report /etc/cron.hourly)
Jun 30 22:17:01 daveti-ThinkCentre-M58e CRON[2918]: (root) CMD (   cd / && run-parts --report /etc/cron.hourly)
Jun 30 23:01:30 daveti-ThinkCentre-M58e colord: device removed: xrandr-Dell Inc.-DELL P1913-PVGRC31PA61M
Jun 30 23:01:30 daveti-ThinkCentre-M58e colord: Profile removed: icc-90fe8066df3f0e8e8a8dcb4f63cae749
Jun 30 23:01:30 daveti-ThinkCentre-M58e dbus[557]: [system] Activating service name='org.freedesktop.systemd1' (using servicehelper)
Jun 30 23:01:30 daveti-ThinkCentre-M58e dbus[557]: [system] Successfully activated service 'org.freedesktop.systemd1'
Jun 30 10:32:23 daveti-ThinkCentre-M58e rsyslogd: [origin software="rsyslogd" swVersion="7.4.4" x-pid="704" x-info="http://www.rsyslog.com"] rsyslogd was HUPed
Jun 30 23:01:31 daveti-ThinkCentre-M58e rsyslogd: [origin software="rsyslogd" swVersion="7.4.4" x-pid="704" x-info="http://www.rsyslog.com"] exiting on signal 15.
Jul  2 19:59:09 daveti-ThinkCentre-M58e rsyslogd: [origin software="rsyslogd" swVersion="7.4.4" x-pid="653" x-info="http://www.rsyslog.com"] start
Jul  2 19:59:09 daveti-ThinkCentre-M58e rsyslogd: rsyslogd's groupid changed to 104
Jul  2 19:59:09 daveti-ThinkCentre-M58e rsyslogd: rsyslogd's userid changed to 101
Jul  2 19:59:09 daveti-ThinkCentre-M58e kernel: [    0.000000] Initializing cgroup subsys cpuset
Jul  2 19:59:09 daveti-ThinkCentre-M58e kernel: [    0.000000] Initializing cgroup subsys cpu
Jul  2 19:59:09 daveti-ThinkCentre-M58e kernel: [    0.000000] Initializing cgroup subsys cpuacct
Jul  2 19:59:09 daveti-ThinkCentre-M58e kernel: [    0.000000] Linux version 3.13.0-29-generic (root@daveti-ThinkCentre-M58e) (gcc version 4.8.2 (Ubuntu 4.8.2-19ubuntu1) ) #53 SMP Sat Jun 21 21:24:43 PDT 2014 (Ubuntu 3.13.0-29.53-generic 3.13.11.2)
Jul  2 19:59:09 daveti-ThinkCentre-M58e kernel: [    0.000000] Command line: BOOT_IMAGE=/boot/vmlinuz-3.13.0-29-generic root=UUID=134e1f8c-f2d4-423a-ac8c-0776b017e35b ro quiet splash vt.handoff=7
Jul  2 19:59:09 daveti-ThinkCentre-M58e kernel: [    0.000000] KERNEL supported cpus:
Jul  2 19:59:09 daveti-ThinkCentre-M58e kernel: [    0.000000]   Intel GenuineIntel
Jul  2 19:59:09 daveti-ThinkCentre-M58e kernel: [    0.000000]   AMD AuthenticAMD
Jul  2 19:59:09 daveti-ThinkCentre-M58e kernel: [    0.000000]   Centaur CentaurHauls
Jul  2 19:59:09 daveti-ThinkCentre-M58e kernel: [    0.000000] e820: BIOS-provided physical RAM map:
Jul  2 19:59:09 daveti-ThinkCentre-M58e kernel: [    0.000000] BIOS-e820: [mem 0x0000000000000000-0x000000000009fbff] usable
Jul  2 19:59:09 daveti-ThinkCentre-M58e kernel: [    0.000000] BIOS-e820: [mem 0x000000000009fc00-0x000000000009ffff] reserved
Jul  2 19:59:09 daveti-ThinkCentre-M58e kernel: [    0.000000] BIOS-e820: [mem 0x00000000000e0000-0x00000000000fffff] reserved
Jul  2 19:59:09 daveti-ThinkCentre-M58e kernel: [    0.000000] BIOS-e820: [mem 0x0000000000100000-0x00000000bdd9ffff] usable
Jul  2 19:59:09 daveti-ThinkCentre-M58e kernel: [    0.000000] BIOS-e820: [mem 0x00000000bdda0000-0x00000000bddadfff] ACPI data
Jul  2 19:59:09 daveti-ThinkCentre-M58e kernel: [    0.000000] BIOS-e820: [mem 0x00000000bddae000-0x00000000bddeffff] ACPI NVS
Jul  2 19:59:09 daveti-ThinkCentre-M58e kernel: [    0.000000] BIOS-e820: [mem 0x00000000bddf0000-0x00000000bfffffff] reserved
Jul  2 19:59:09 daveti-ThinkCentre-M58e kernel: [    0.000000] BIOS-e820: [mem 0x00000000fee00000-0x00000000fee00fff] reserved
Jul  2 19:59:09 daveti-ThinkCentre-M58e kernel: [    0.000000] BIOS-e820: [mem 0x00000000fff00000-0x00000000ffffffff] reserved
Jul  2 19:59:09 daveti-ThinkCentre-M58e kernel: [    0.000000] BIOS-e820: [mem 0x0000000100000000-0x000000013fffffff] usable
Jul  2 19:59:09 daveti-ThinkCentre-M58e kernel: [    0.000000] NX (Execute Disable) protection: active
Jul  2 19:59:09 daveti-ThinkCentre-M58e kernel: [    0.000000] SMBIOS 2.5 present.
Jul  2 19:59:09 daveti-ThinkCentre-M58e kernel: [    0.000000] DMI: LENOVO 7514A2U/To be filled by O.E.M., BIOS 5HKT45AUS 10/22/2009
Jul  2 19:59:09 daveti-ThinkCentre-M58e kernel: [    0.000000] e820: update [mem 0x00000000-0x00000fff] usable ==> reserved
Jul  2 19:59:09 daveti-ThinkCentre-M58e kernel: [    0.000000] e820: remove [mem 0x000a0000-0x000fffff] usable
Jul  2 19:59:09 daveti-ThinkCentre-M58e kernel: [    0.000000] No AGP bridge found
Jul  2 19:59:09 daveti-ThinkCentre-M58e kernel: [    0.000000] e820: last_pfn = 0x140000 max_arch_pfn = 0x400000000
Jul  2 19:59:09 daveti-ThinkCentre-M58e kernel: [    0.000000] MTRR default type: uncachable
Jul  2 19:59:09 daveti-ThinkCentre-M58e kernel: [    0.000000] MTRR fixed ranges enabled:
Jul  2 19:59:09 daveti-ThinkCentre-M58e kernel: [    0.000000]   00000-9FFFF write-back
Jul  2 19:59:09 daveti-ThinkCentre-M58e kernel: [    0.000000]   A0000-BFFFF uncachable
Jul  2 19:59:09 daveti-ThinkCentre-M58e kernel: [    0.000000]   C0000-CFFFF write-protect
Jul  2 19:59:09 daveti-ThinkCentre-M58e kernel: [    0.000000]   D0000-DFFFF uncachable
Jul  2 19:59:09 daveti-ThinkCentre-M58e kernel: [    0.000000]   E0000-EFFFF write-through
Jul  2 19:59:09 daveti-ThinkCentre-M58e kernel: [    0.000000]   F0000-FFFFF write-protect
Jul  2 19:59:09 daveti-ThinkCentre-M58e kernel: [    0.000000] MTRR variable ranges enabled:
Jul  2 19:59:09 daveti-ThinkCentre-M58e kernel: [    0.000000]   0 base 000000000 mask F00000000 write-back
Jul  2 19:59:09 daveti-ThinkCentre-M58e kernel: [    0.000000]   1 base 100000000 mask FC0000000 write-back
Jul  2 19:59:09 daveti-ThinkCentre-M58e kernel: [    0.000000]   2 base 0C0000000 mask FC0000000 uncachable
Jul  2 19:59:09 daveti-ThinkCentre-M58e kernel: [    0.000000]   3 base 0BDE00000 mask FFFE00000 uncachable
Jul  2 19:59:09 daveti-ThinkCentre-M58e kernel: [    0.000000]   4 base 0BE000000 mask FFE000000 uncachable
Jul  2 19:59:09 daveti-ThinkCentre-M58e kernel: [    0.000000]   5 disabled
Jul  2 19:59:09 daveti-ThinkCentre-M58e kernel: [    0.000000]   6 disabled
Jul  2 19:59:09 daveti-ThinkCentre-M58e kernel: [    0.000000]   7 disabled
Jul  2 19:59:09 daveti-ThinkCentre-M58e kernel: [    0.000000] x86 PAT enabled: cpu 0, old 0x7040600070406, new 0x7010600070106
Jul  2 19:59:09 daveti-ThinkCentre-M58e kernel: [    0.000000] original variable MTRRs
Jul  2 19:59:09 daveti-ThinkCentre-M58e kernel: [    0.000000] reg 0, base: 0GB, range: 4GB, type WB
Jul  2 19:59:09 daveti-ThinkCentre-M58e kernel: [    0.000000] reg 1, base: 4GB, range: 1GB, type WB
Jul  2 19:59:09 daveti-ThinkCentre-M58e kernel: [    0.000000] reg 2, base: 3GB, range: 1GB, type UC
Jul  2 19:59:09 daveti-ThinkCentre-M58e kernel: [    0.000000] reg 3, base: 3038MB, range: 2MB, type UC
Jul  2 19:59:09 daveti-ThinkCentre-M58e kernel: [    0.000000] reg 4, base: 3040MB, range: 32MB, type UC
Jul  2 19:59:09 daveti-ThinkCentre-M58e kernel: [    0.000000] total RAM covered: 4062M
Jul  2 19:59:09 daveti-ThinkCentre-M58e kernel: [    0.000000] Found optimal setting for mtrr clean up
Jul  2 19:59:09 daveti-ThinkCentre-M58e kernel: [    0.000000]  gran_size: 64K 	chunk_size: 64M 	num_reg: 5  	lose cover RAM: 0G
Jul  2 19:59:09 daveti-ThinkCentre-M58e kernel: [    0.000000] New variable MTRRs
Jul  2 19:59:09 daveti-ThinkCentre-M58e kernel: [    0.000000] reg 0, base: 0GB, range: 2GB, type WB
Jul  2 19:59:09 daveti-ThinkCentre-M58e kernel: [    0.000000] reg 1, base: 2GB, range: 1GB, type WB
Jul  2 19:59:09 daveti-ThinkCentre-M58e kernel: [    0.000000] reg 2, base: 3038MB, range: 2MB, type UC
Jul  2 19:59:09 daveti-ThinkCentre-M58e kernel: [    0.000000] reg 3, base: 3040MB, range: 32MB, type UC
Jul  2 19:59:09 daveti-ThinkCentre-M58e kernel: [    0.000000] reg 4, base: 4GB, range: 1GB, type WB
Jul  2 19:59:09 daveti-ThinkCentre-M58e kernel: [    0.000000] e820: update [mem 0xbde00000-0xffffffff] usable ==> reserved
Jul  2 19:59:09 daveti-ThinkCentre-M58e kernel: [    0.000000] e820: last_pfn = 0xbdda0 max_arch_pfn = 0x400000000
Jul  2 19:59:09 daveti-ThinkCentre-M58e kernel: [    0.000000] found SMP MP-table at [mem 0x000ff780-0x000ff78f] mapped at [ffff8800000ff780]
Jul  2 19:59:09 daveti-ThinkCentre-M58e kernel: [    0.000000] Scanning 1 areas for low memory corruption
Jul  2 19:59:09 daveti-ThinkCentre-M58e kernel: [    0.000000] Base memory trampoline at [ffff880000099000] 99000 size 24576
Jul  2 19:59:09 daveti-ThinkCentre-M58e kernel: [    0.000000] init_memory_mapping: [mem 0x00000000-0x000fffff]
Jul  2 19:59:09 daveti-ThinkCentre-M58e kernel: [    0.000000]  [mem 0x00000000-0x000fffff] page 4k
Jul  2 19:59:09 daveti-ThinkCentre-M58e kernel: [    0.000000] BRK [0x01fdf000, 0x01fdffff] PGTABLE
Jul  2 19:59:09 daveti-ThinkCentre-M58e kernel: [    0.000000] BRK [0x01fe0000, 0x01fe0fff] PGTABLE
Jul  2 19:59:09 daveti-ThinkCentre-M58e kernel: [    0.000000] BRK [0x01fe1000, 0x01fe1fff] PGTABLE
Jul  2 19:59:09 daveti-ThinkCentre-M58e kernel: [    0.000000] init_memory_mapping: [mem 0x13fe00000-0x13fffffff]
Jul  2 19:59:09 daveti-ThinkCentre-M58e kernel: [    0.000000]  [mem 0x13fe00000-0x13fffffff] page 2M
Jul  2 19:59:09 daveti-ThinkCentre-M58e kernel: [    0.000000] BRK [0x01fe2000, 0x01fe2fff] PGTABLE
Jul  2 19:59:09 daveti-ThinkCentre-M58e kernel: [    0.000000] init_memory_mapping: [mem 0x13c000000-0x13fdfffff]
Jul  2 19:59:09 daveti-ThinkCentre-M58e kernel: [    0.000000]  [mem 0x13c000000-0x13fdfffff] page 2M
Jul  2 19:59:09 daveti-ThinkCentre-M58e kernel: [    0.000000] init_memory_mapping: [mem 0x100000000-0x13bffffff]
Jul  2 19:59:09 daveti-ThinkCentre-M58e kernel: [    0.000000]  [mem 0x100000000-0x13bffffff] page 2M
Jul  2 19:59:09 daveti-ThinkCentre-M58e kernel: [    0.000000] init_memory_mapping: [mem 0x00100000-0xbdd9ffff]
Jul  2 19:59:09 daveti-ThinkCentre-M58e kernel: [    0.000000]  [mem 0x00100000-0x001fffff] page 4k
Jul  2 19:59:09 daveti-ThinkCentre-M58e kernel: [    0.000000]  [mem 0x00200000-0xbdbfffff] page 2M
Jul  2 19:59:09 daveti-ThinkCentre-M58e kernel: [    0.000000]  [mem 0xbdc00000-0xbdd9ffff] page 4k
Jul  2 19:59:09 daveti-ThinkCentre-M58e kernel: [    0.000000] RAMDISK: [mem 0x35b7c000-0x36db5fff]
Jul  2 19:59:09 daveti-ThinkCentre-M58e kernel: [    0.000000] ACPI: RSDP 00000000000f9ae0 000014 (v00 LENOVO)
Jul  2 19:59:09 daveti-ThinkCentre-M58e kernel: [    0.000000] ACPI: RSDT 00000000bdda0000 000040 (v01 LENOVO TC-5H    0000012D MSFT 00000097)
Jul  2 19:59:09 daveti-ThinkCentre-M58e kernel: [    0.000000] ACPI: FACP 00000000bdda0200 000084 (v01 LENOVO TC-5H    0000012D MSFT 00000097)
Jul  2 19:59:09 daveti-ThinkCentre-M58e kernel: [    0.000000] ACPI: DSDT 00000000bdda05c0 0057C2 (v01 LENOVO TC-5H    0000012D INTL 20051117)
Jul  2 19:59:09 daveti-ThinkCentre-M58e kernel: [    0.000000] ACPI: FACS 00000000bddae000 000040
Jul  2 19:59:09 daveti-ThinkCentre-M58e kernel: [    0.000000] ACPI: APIC 00000000bdda0390 00006C (v01 LENOVO TC-5H    0000012D MSFT 00000097)
Jul  2 19:59:09 daveti-ThinkCentre-M58e kernel: [    0.000000] ACPI: MCFG 00000000bdda0400 00003C (v01 LENOVO TC-5H    0000012D MSFT 00000097)
Jul  2 19:59:09 daveti-ThinkCentre-M58e kernel: [    0.000000] ACPI: SLIC 00000000bdda0440 000176 (v01 LENOVO TC-5H    0000012D MSFT 00000097)
Jul  2 19:59:09 daveti-ThinkCentre-M58e kernel: [    0.000000] ACPI: OEMB 00000000bddae040 000072 (v01 LENOVO TC-5H    0000012D MSFT 00000097)
Jul  2 19:59:09 daveti-ThinkCentre-M58e kernel: [    0.000000] ACPI: HPET 00000000bdda85c0 000038 (v01 LENOVO TC-5H    0000012D MSFT 00000097)
Jul  2 19:59:09 daveti-ThinkCentre-M58e kernel: [    0.000000] ACPI: SSDT 00000000bddae5c0 000A7C (v01 LENOVO TC-5H    0000012D INTL 20051117)
Jul  2 19:59:09 daveti-ThinkCentre-M58e kernel: [    0.000000] ACPI: Local APIC address 0xfee00000
Jul  2 19:59:09 daveti-ThinkCentre-M58e kernel: [    0.000000] No NUMA configuration found
Jul  2 19:59:09 daveti-ThinkCentre-M58e kernel: [    0.000000] Faking a node at [mem 0x0000000000000000-0x000000013fffffff]
Jul  2 19:59:09 daveti-ThinkCentre-M58e kernel: [    0.000000] Initmem setup node 0 [mem 0x00000000-0x13fffffff]
Jul  2 19:59:09 daveti-ThinkCentre-M58e kernel: [    0.000000]   NODE_DATA [mem 0x13fff8000-0x13fffcfff]
Jul  2 19:59:09 daveti-ThinkCentre-M58e kernel: [    0.000000]  [ffffea0000000000-ffffea0004ffffff] PMD -> [ffff88013b600000-ffff88013f5fffff] on node 0
Jul  2 19:59:09 daveti-ThinkCentre-M58e kernel: [    0.000000] Zone ranges:
Jul  2 19:59:09 daveti-ThinkCentre-M58e kernel: [    0.000000]   DMA      [mem 0x00001000-0x00ffffff]
Jul  2 19:59:09 daveti-ThinkCentre-M58e kernel: [    0.000000]   DMA32    [mem 0x01000000-0xffffffff]
Jul  2 19:59:09 daveti-ThinkCentre-M58e kernel: [    0.000000]   Normal   [mem 0x100000000-0x13fffffff]
Jul  2 19:59:09 daveti-ThinkCentre-M58e kernel: [    0.000000] Movable zone start for each node
Jul  2 19:59:09 daveti-ThinkCentre-M58e kernel: [    0.000000] Early memory node ranges
Jul  2 19:59:09 daveti-ThinkCentre-M58e kernel: [    0.000000]   node   0: [mem 0x00001000-0x0009efff]
Jul  2 19:59:09 daveti-ThinkCentre-M58e kernel: [    0.000000]   node   0: [mem 0x00100000-0xbdd9ffff]
Jul  2 19:59:09 daveti-ThinkCentre-M58e kernel: [    0.000000]   node   0: [mem 0x100000000-0x13fffffff]
Jul  2 19:59:09 daveti-ThinkCentre-M58e kernel: [    0.000000] On node 0 totalpages: 1039678
Jul  2 19:59:09 daveti-ThinkCentre-M58e kernel: [    0.000000]   DMA zone: 64 pages used for memmap
Jul  2 19:59:09 daveti-ThinkCentre-M58e kernel: [    0.000000]   DMA zone: 21 pages reserved
Jul  2 19:59:09 daveti-ThinkCentre-M58e kernel: [    0.000000]   DMA zone: 3998 pages, LIFO batch:0
Jul  2 19:59:09 daveti-ThinkCentre-M58e kernel: [    0.000000]   DMA32 zone: 12087 pages used for memmap
Jul  2 19:59:09 daveti-ThinkCentre-M58e kernel: [    0.000000]   DMA32 zone: 773536 pages, LIFO batch:31
Jul  2 19:59:09 daveti-ThinkCentre-M58e kernel: [    0.000000]   Normal zone: 4096 pages used for memmap
Jul  2 19:59:09 daveti-ThinkCentre-M58e kernel: [    0.000000]   Normal zone: 262144 pages, LIFO batch:31
Jul  2 19:59:09 daveti-ThinkCentre-M58e kernel: [    0.000000] ACPI: PM-Timer IO Port: 0x808
Jul  2 19:59:09 daveti-ThinkCentre-M58e kernel: [    0.000000] ACPI: Local APIC address 0xfee00000
Jul  2 19:59:09 daveti-ThinkCentre-M58e kernel: [    0.000000] ACPI: LAPIC (acpi_id[0x01] lapic_id[0x00] enabled)
Jul  2 19:59:09 daveti-ThinkCentre-M58e kernel: [    0.000000] ACPI: LAPIC (acpi_id[0x02] lapic_id[0x01] enabled)
Jul  2 19:59:09 daveti-ThinkCentre-M58e kernel: [    0.000000] ACPI: LAPIC (acpi_id[0x03] lapic_id[0x82] disabled)
Jul  2 19:59:09 daveti-ThinkCentre-M58e kernel: [    0.000000] ACPI: LAPIC (acpi_id[0x04] lapic_id[0x83] disabled)
Jul  2 19:59:09 daveti-ThinkCentre-M58e kernel: [    0.000000] ACPI: IOAPIC (id[0x02] address[0xfec00000] gsi_base[0])
Jul  2 19:59:09 daveti-ThinkCentre-M58e kernel: [    0.000000] IOAPIC[0]: apic_id 2, version 32, address 0xfec00000, GSI 0-23
Jul  2 19:59:09 daveti-ThinkCentre-M58e kernel: [    0.000000] ACPI: INT_SRC_OVR (bus 0 bus_irq 0 global_irq 2 dfl dfl)
Jul  2 19:59:09 daveti-ThinkCentre-M58e kernel: [    0.000000] ACPI: INT_SRC_OVR (bus 0 bus_irq 9 global_irq 9 high level)
Jul  2 19:59:09 daveti-ThinkCentre-M58e kernel: [    0.000000] ACPI: IRQ0 used by override.
Jul  2 19:59:09 daveti-ThinkCentre-M58e kernel: [    0.000000] ACPI: IRQ2 used by override.
Jul  2 19:59:09 daveti-ThinkCentre-M58e kernel: [    0.000000] ACPI: IRQ9 used by override.
Jul  2 19:59:09 daveti-ThinkCentre-M58e kernel: [    0.000000] Using ACPI (MADT) for SMP configuration information
Jul  2 19:59:09 daveti-ThinkCentre-M58e kernel: [    0.000000] ACPI: HPET id: 0xffffffff base: 0xfed00000
Jul  2 19:59:09 daveti-ThinkCentre-M58e kernel: [    0.000000] smpboot: Allowing 4 CPUs, 2 hotplug CPUs
Jul  2 19:59:09 daveti-ThinkCentre-M58e kernel: [    0.000000] nr_irqs_gsi: 40
Jul  2 19:59:09 daveti-ThinkCentre-M58e kernel: [    0.000000] PM: Registered nosave memory: [mem 0x0009f000-0x0009ffff]
Jul  2 19:59:09 daveti-ThinkCentre-M58e kernel: [    0.000000] PM: Registered nosave memory: [mem 0x000a0000-0x000dffff]
Jul  2 19:59:09 daveti-ThinkCentre-M58e kernel: [    0.000000] PM: Registered nosave memory: [mem 0x000e0000-0x000fffff]
Jul  2 19:59:09 daveti-ThinkCentre-M58e kernel: [    0.000000] PM: Registered nosave memory: [mem 0xbdda0000-0xbddadfff]
Jul  2 19:59:09 daveti-ThinkCentre-M58e kernel: [    0.000000] PM: Registered nosave memory: [mem 0xbddae000-0xbddeffff]
Jul  2 19:59:09 daveti-ThinkCentre-M58e kernel: [    0.000000] PM: Registered nosave memory: [mem 0xbddf0000-0xbfffffff]
Jul  2 19:59:09 daveti-ThinkCentre-M58e kernel: [    0.000000] PM: Registered nosave memory: [mem 0xc0000000-0xfedfffff]
Jul  2 19:59:09 daveti-ThinkCentre-M58e kernel: [    0.000000] PM: Registered nosave memory: [mem 0xfee00000-0xfee00fff]
Jul  2 19:59:09 daveti-ThinkCentre-M58e kernel: [    0.000000] PM: Registered nosave memory: [mem 0xfee01000-0xffefffff]
Jul  2 19:59:09 daveti-ThinkCentre-M58e kernel: [    0.000000] PM: Registered nosave memory: [mem 0xfff00000-0xffffffff]
Jul  2 19:59:09 daveti-ThinkCentre-M58e kernel: [    0.000000] e820: [mem 0xc0000000-0xfedfffff] available for PCI devices
Jul  2 19:59:09 daveti-ThinkCentre-M58e kernel: [    0.000000] Booting paravirtualized kernel on bare hardware
Jul  2 19:59:09 daveti-ThinkCentre-M58e kernel: [    0.000000] setup_percpu: NR_CPUS:256 nr_cpumask_bits:256 nr_cpu_ids:4 nr_node_ids:1
Jul  2 19:59:09 daveti-ThinkCentre-M58e kernel: [    0.000000] PERCPU: Embedded 29 pages/cpu @ffff88013fc00000 s86336 r8192 d24256 u524288
Jul  2 19:59:09 daveti-ThinkCentre-M58e kernel: [    0.000000] pcpu-alloc: s86336 r8192 d24256 u524288 alloc=1*2097152
Jul  2 19:59:09 daveti-ThinkCentre-M58e kernel: [    0.000000] pcpu-alloc: [0] 0 1 2 3 
Jul  2 19:59:09 daveti-ThinkCentre-M58e kernel: [    0.000000] Built 1 zonelists in Node order, mobility grouping on.  Total pages: 1023410
Jul  2 19:59:09 daveti-ThinkCentre-M58e kernel: [    0.000000] Policy zone: Normal
Jul  2 19:59:09 daveti-ThinkCentre-M58e kernel: [    0.000000] Kernel command line: BOOT_IMAGE=/boot/vmlinuz-3.13.0-29-generic root=UUID=134e1f8c-f2d4-423a-ac8c-0776b017e35b ro quiet splash vt.handoff=7
Jul  2 19:59:09 daveti-ThinkCentre-M58e kernel: [    0.000000] PID hash table entries: 4096 (order: 3, 32768 bytes)
Jul  2 19:59:09 daveti-ThinkCentre-M58e kernel: [    0.000000] xsave: enabled xstate_bv 0x3, cntxt size 0x240
Jul  2 19:59:09 daveti-ThinkCentre-M58e kernel: [    0.000000] Checking aperture...
Jul  2 19:59:09 daveti-ThinkCentre-M58e kernel: [    0.000000] No AGP bridge found
Jul  2 19:59:09 daveti-ThinkCentre-M58e kernel: [    0.000000] Calgary: detecting Calgary via BIOS EBDA area
Jul  2 19:59:09 daveti-ThinkCentre-M58e kernel: [    0.000000] Calgary: Unable to locate Rio Grande table in EBDA - bailing!
Jul  2 19:59:09 daveti-ThinkCentre-M58e kernel: [    0.000000] Memory: 3991356K/4158712K available (7369K kernel code, 1142K rwdata, 3400K rodata, 1336K init, 1440K bss, 167356K reserved)
Jul  2 19:59:09 daveti-ThinkCentre-M58e kernel: [    0.000000] SLUB: HWalign=64, Order=0-3, MinObjects=0, CPUs=4, Nodes=1
Jul  2 19:59:09 daveti-ThinkCentre-M58e kernel: [    0.000000] Hierarchical RCU implementation.
Jul  2 19:59:09 daveti-ThinkCentre-M58e kernel: [    0.000000] 	RCU dyntick-idle grace-period acceleration is enabled.
Jul  2 19:59:09 daveti-ThinkCentre-M58e kernel: [    0.000000] 	RCU restricting CPUs from NR_CPUS=256 to nr_cpu_ids=4.
Jul  2 19:59:09 daveti-ThinkCentre-M58e kernel: [    0.000000] 	Offload RCU callbacks from all CPUs
Jul  2 19:59:09 daveti-ThinkCentre-M58e kernel: [    0.000000] 	Offload RCU callbacks from CPUs: 0-3.
Jul  2 19:59:09 daveti-ThinkCentre-M58e kernel: [    0.000000] NR_IRQS:16640 nr_irqs:712 16
Jul  2 19:59:09 daveti-ThinkCentre-M58e kernel: [    0.000000] Console: colour dummy device 80x25
Jul  2 19:59:09 daveti-ThinkCentre-M58e kernel: [    0.000000] console [tty0] enabled
Jul  2 19:59:09 daveti-ThinkCentre-M58e kernel: [    0.000000] allocated 16777216 bytes of page_cgroup
Jul  2 19:59:09 daveti-ThinkCentre-M58e kernel: [    0.000000] please try 'cgroup_disable=memory' option if you don't want memory cgroups
Jul  2 19:59:09 daveti-ThinkCentre-M58e kernel: [    0.000000] hpet clockevent registered
Jul  2 19:59:09 daveti-ThinkCentre-M58e kernel: [    0.000000] tsc: Fast TSC calibration using PIT
Jul  2 19:59:09 daveti-ThinkCentre-M58e kernel: [    0.000000] tsc: Detected 2992.414 MHz processor
Jul  2 19:59:09 daveti-ThinkCentre-M58e kernel: [    0.004003] Calibrating delay loop (skipped), value calculated using timer frequency.. 5984.82 BogoMIPS (lpj=11969656)
Jul  2 19:59:09 daveti-ThinkCentre-M58e kernel: [    0.004006] pid_max: default: 32768 minimum: 301
Jul  2 19:59:09 daveti-ThinkCentre-M58e kernel: [    0.004034] Security Framework initialized
Jul  2 19:59:09 daveti-ThinkCentre-M58e kernel: [    0.004055] AppArmor: AppArmor initialized
Jul  2 19:59:09 daveti-ThinkCentre-M58e kernel: [    0.004056] Yama: becoming mindful.
Jul  2 19:59:09 daveti-ThinkCentre-M58e kernel: [    0.004385] Dentry cache hash table entries: 524288 (order: 10, 4194304 bytes)
Jul  2 19:59:09 daveti-ThinkCentre-M58e kernel: [    0.009067] Inode-cache hash table entries: 262144 (order: 9, 2097152 bytes)
Jul  2 19:59:09 daveti-ThinkCentre-M58e kernel: [    0.009860] Mount-cache hash table entries: 8192 (order: 4, 65536 bytes)
Jul  2 19:59:09 daveti-ThinkCentre-M58e kernel: [    0.009866] Mountpoint-cache hash table entries: 8192 (order: 4, 65536 bytes)
Jul  2 19:59:09 daveti-ThinkCentre-M58e kernel: [    0.010116] Initializing cgroup subsys memory
Jul  2 19:59:09 daveti-ThinkCentre-M58e kernel: [    0.010123] Initializing cgroup subsys devices
Jul  2 19:59:09 daveti-ThinkCentre-M58e kernel: [    0.010126] Initializing cgroup subsys freezer
Jul  2 19:59:09 daveti-ThinkCentre-M58e kernel: [    0.010128] Initializing cgroup subsys blkio
Jul  2 19:59:09 daveti-ThinkCentre-M58e kernel: [    0.010129] Initializing cgroup subsys perf_event
Jul  2 19:59:09 daveti-ThinkCentre-M58e kernel: [    0.010131] Initializing cgroup subsys hugetlb
Jul  2 19:59:09 daveti-ThinkCentre-M58e kernel: [    0.010154] CPU: Physical Processor ID: 0
Jul  2 19:59:09 daveti-ThinkCentre-M58e kernel: [    0.010155] CPU: Processor Core ID: 0
Jul  2 19:59:09 daveti-ThinkCentre-M58e kernel: [    0.010157] mce: CPU supports 6 MCE banks
Jul  2 19:59:09 daveti-ThinkCentre-M58e kernel: [    0.010164] CPU0: Thermal monitoring enabled (TM2)
Jul  2 19:59:09 daveti-ThinkCentre-M58e kernel: [    0.010171] Last level iTLB entries: 4KB 128, 2MB 4, 4MB 4
Jul  2 19:59:09 daveti-ThinkCentre-M58e kernel: [    0.010171] Last level dTLB entries: 4KB 256, 2MB 0, 4MB 32
Jul  2 19:59:09 daveti-ThinkCentre-M58e kernel: [    0.010171] tlb_flushall_shift: -1
Jul  2 19:59:09 daveti-ThinkCentre-M58e kernel: [    0.010261] Freeing SMP alternatives memory: 32K (ffffffff81e6d000 - ffffffff81e75000)
Jul  2 19:59:09 daveti-ThinkCentre-M58e kernel: [    0.011525] ACPI: Core revision 20131115
Jul  2 19:59:09 daveti-ThinkCentre-M58e kernel: [    0.013512] ACPI: All ACPI Tables successfully acquired
Jul  2 19:59:09 daveti-ThinkCentre-M58e kernel: [    0.016005] ftrace: allocating 28488 entries in 112 pages
Jul  2 19:59:09 daveti-ThinkCentre-M58e kernel: [    0.024417] ..TIMER: vector=0x30 apic1=0 pin1=2 apic2=-1 pin2=-1
Jul  2 19:59:09 daveti-ThinkCentre-M58e kernel: [    0.064779] smpboot: CPU0: Intel(R) Core(TM)2 Duo CPU     E8400  @ 3.00GHz (fam: 06, model: 17, stepping: 0a)
Jul  2 19:59:09 daveti-ThinkCentre-M58e kernel: [    0.068000] Performance Events: PEBS fmt0+, 4-deep LBR, Core2 events, Intel PMU driver.
Jul  2 19:59:09 daveti-ThinkCentre-M58e kernel: [    0.068000] ... version:                2
Jul  2 19:59:09 daveti-ThinkCentre-M58e kernel: [    0.068000] ... bit width:              40
Jul  2 19:59:09 daveti-ThinkCentre-M58e kernel: [    0.068000] ... generic registers:      2
Jul  2 19:59:09 daveti-ThinkCentre-M58e kernel: [    0.068000] ... value mask:             000000ffffffffff
Jul  2 19:59:09 daveti-ThinkCentre-M58e kernel: [    0.068000] ... max period:             000000007fffffff
Jul  2 19:59:09 daveti-ThinkCentre-M58e kernel: [    0.068000] ... fixed-purpose events:   3
Jul  2 19:59:09 daveti-ThinkCentre-M58e kernel: [    0.068000] ... event mask:             0000000700000003
Jul  2 19:59:09 daveti-ThinkCentre-M58e kernel: [    0.068000] x86: Booting SMP configuration:
Jul  2 19:59:09 daveti-ThinkCentre-M58e kernel: [    0.068000] .... node  #0, CPUs:      #1
Jul  2 19:59:09 daveti-ThinkCentre-M58e kernel: [    0.080041] x86: Booted up 1 node, 2 CPUs
Jul  2 19:59:09 daveti-ThinkCentre-M58e kernel: [    0.080045] smpboot: Total of 2 processors activated (11969.65 BogoMIPS)
Jul  2 19:59:09 daveti-ThinkCentre-M58e kernel: [    0.080136] NMI watchdog: enabled on all CPUs, permanently consumes one hw-PMU counter.
Jul  2 19:59:09 daveti-ThinkCentre-M58e kernel: [    0.082752] devtmpfs: initialized
Jul  2 19:59:09 daveti-ThinkCentre-M58e kernel: [    0.090203] EVM: security.selinux
Jul  2 19:59:09 daveti-ThinkCentre-M58e kernel: [    0.090205] EVM: security.SMACK64
Jul  2 19:59:09 daveti-ThinkCentre-M58e kernel: [    0.090206] EVM: security.ima
Jul  2 19:59:09 daveti-ThinkCentre-M58e kernel: [    0.090207] EVM: security.capability
Jul  2 19:59:09 daveti-ThinkCentre-M58e kernel: [    0.090226] PM: Registering ACPI NVS region [mem 0xbddae000-0xbddeffff] (270336 bytes)
Jul  2 19:59:09 daveti-ThinkCentre-M58e kernel: [    0.090226] pinctrl core: initialized pinctrl subsystem
Jul  2 19:59:09 daveti-ThinkCentre-M58e kernel: [    0.090226] regulator-dummy: no parameters
Jul  2 19:59:09 daveti-ThinkCentre-M58e kernel: [    0.090226] RTC time:  2:58:55, date: 07/03/14
Jul  2 19:59:09 daveti-ThinkCentre-M58e kernel: [    0.090226] NET: Registered protocol family 16
Jul  2 19:59:09 daveti-ThinkCentre-M58e kernel: [    0.090226] cpuidle: using governor ladder
Jul  2 19:59:09 daveti-ThinkCentre-M58e kernel: [    0.090226] cpuidle: using governor menu
Jul  2 19:59:09 daveti-ThinkCentre-M58e kernel: [    0.090226] ACPI: bus type PCI registered
Jul  2 19:59:09 daveti-ThinkCentre-M58e kernel: [    0.090226] acpiphp: ACPI Hot Plug PCI Controller Driver version: 0.5
Jul  2 19:59:09 daveti-ThinkCentre-M58e kernel: [    0.090226] PCI: MMCONFIG for domain 0000 [bus 00-ff] at [mem 0xe0000000-0xefffffff] (base 0xe0000000)
Jul  2 19:59:09 daveti-ThinkCentre-M58e kernel: [    0.090226] PCI: not using MMCONFIG
Jul  2 19:59:09 daveti-ThinkCentre-M58e kernel: [    0.090226] PCI: Using configuration type 1 for base access
Jul  2 19:59:09 daveti-ThinkCentre-M58e kernel: [    0.092197] bio: create slab <bio-0> at 0
Jul  2 19:59:09 daveti-ThinkCentre-M58e kernel: [    0.092197] ACPI: Added _OSI(Module Device)
Jul  2 19:59:09 daveti-ThinkCentre-M58e kernel: [    0.092197] ACPI: Added _OSI(Processor Device)
Jul  2 19:59:09 daveti-ThinkCentre-M58e kernel: [    0.092197] ACPI: Added _OSI(3.0 _SCP Extensions)
Jul  2 19:59:09 daveti-ThinkCentre-M58e kernel: [    0.092197] ACPI: Added _OSI(Processor Aggregator Device)
Jul  2 19:59:09 daveti-ThinkCentre-M58e kernel: [    0.093939] ACPI: Executed 1 blocks of module-level executable AML code
Jul  2 19:59:09 daveti-ThinkCentre-M58e kernel: [    0.095390] ACPI BIOS Warning (bug): Incorrect checksum in table [SSDT] - 0xE9, should be 0xAE (20131115/tbprint-214)
Jul  2 19:59:09 daveti-ThinkCentre-M58e kernel: [    0.095395] ACPI: SSDT 00000000bddae0c0 000277 (v01 LENOVO TC-5H    0000012D INTL 20051117)
Jul  2 19:59:09 daveti-ThinkCentre-M58e kernel: [    0.095601] ACPI: Dynamic OEM Table Load:
Jul  2 19:59:09 daveti-ThinkCentre-M58e kernel: [    0.095603] ACPI: SSDT           (null) 000277 (v01 LENOVO TC-5H    0000012D INTL 20051117)
Jul  2 19:59:09 daveti-ThinkCentre-M58e kernel: [    0.096104] ACPI BIOS Warning (bug): Incorrect checksum in table [SSDT] - 0xE2, should be 0xA9 (20131115/tbprint-214)
Jul  2 19:59:09 daveti-ThinkCentre-M58e kernel: [    0.096108] ACPI: SSDT 00000000bddae340 000277 (v01 LENOVO TC-5H    0000012D INTL 20051117)
Jul  2 19:59:09 daveti-ThinkCentre-M58e kernel: [    0.096315] ACPI: Dynamic OEM Table Load:
Jul  2 19:59:09 daveti-ThinkCentre-M58e kernel: [    0.096317] ACPI: SSDT           (null) 000277 (v01 LENOVO TC-5H    0000012D INTL 20051117)
Jul  2 19:59:09 daveti-ThinkCentre-M58e kernel: [    0.096545] ACPI: Interpreter enabled
Jul  2 19:59:09 daveti-ThinkCentre-M58e kernel: [    0.096550] ACPI Exception: AE_NOT_FOUND, While evaluating Sleep State [\_S1_] (20131115/hwxface-580)
Jul  2 19:59:09 daveti-ThinkCentre-M58e kernel: [    0.096553] ACPI Exception: AE_NOT_FOUND, While evaluating Sleep State [\_S2_] (20131115/hwxface-580)
Jul  2 19:59:09 daveti-ThinkCentre-M58e kernel: [    0.096565] ACPI: (supports S0 S3 S4 S5)
Jul  2 19:59:09 daveti-ThinkCentre-M58e kernel: [    0.096566] ACPI: Using IOAPIC for interrupt routing
Jul  2 19:59:09 daveti-ThinkCentre-M58e kernel: [    0.096582] PCI: MMCONFIG for domain 0000 [bus 00-ff] at [mem 0xe0000000-0xefffffff] (base 0xe0000000)
Jul  2 19:59:09 daveti-ThinkCentre-M58e kernel: [    0.097528] PCI: MMCONFIG at [mem 0xe0000000-0xefffffff] reserved in ACPI motherboard resources
Jul  2 19:59:09 daveti-ThinkCentre-M58e kernel: [    0.111821] PCI: Using host bridge windows from ACPI; if necessary, use "pci=nocrs" and report a bug
Jul  2 19:59:09 daveti-ThinkCentre-M58e kernel: [    0.111903] ACPI: No dock devices found.
Jul  2 19:59:09 daveti-ThinkCentre-M58e kernel: [    0.116654] ACPI: PCI Root Bridge [PCI0] (domain 0000 [bus 00-ff])
Jul  2 19:59:09 daveti-ThinkCentre-M58e kernel: [    0.116659] acpi PNP0A08:00: _OSC: OS supports [ExtendedConfig ASPM ClockPM Segments MSI]
Jul  2 19:59:09 daveti-ThinkCentre-M58e kernel: [    0.116828] acpi PNP0A08:00: _OSC: OS now controls [PCIeHotplug PME AER PCIeCapability]
Jul  2 19:59:09 daveti-ThinkCentre-M58e kernel: [    0.117056] PCI host bridge to bus 0000:00
Jul  2 19:59:09 daveti-ThinkCentre-M58e kernel: [    0.117058] pci_bus 0000:00: root bus resource [bus 00-ff]
Jul  2 19:59:09 daveti-ThinkCentre-M58e kernel: [    0.117060] pci_bus 0000:00: root bus resource [io  0x0000-0x0cf7]
Jul  2 19:59:09 daveti-ThinkCentre-M58e kernel: [    0.117062] pci_bus 0000:00: root bus resource [io  0x0d00-0xffff]
Jul  2 19:59:09 daveti-ThinkCentre-M58e kernel: [    0.117065] pci_bus 0000:00: root bus resource [mem 0x000a0000-0x000bffff]
Jul  2 19:59:09 daveti-ThinkCentre-M58e kernel: [    0.117067] pci_bus 0000:00: root bus resource [mem 0x000d0000-0x000dffff]
Jul  2 19:59:09 daveti-ThinkCentre-M58e kernel: [    0.117069] pci_bus 0000:00: root bus resource [mem 0xbde00000-0xdfffffff]
Jul  2 19:59:09 daveti-ThinkCentre-M58e kernel: [    0.117070] pci_bus 0000:00: root bus resource [mem 0xf0000000-0xffffffff]
Jul  2 19:59:09 daveti-ThinkCentre-M58e kernel: [    0.117078] pci 0000:00:00.0: [8086:2e30] type 00 class 0x060000
Jul  2 19:59:09 daveti-ThinkCentre-M58e kernel: [    0.117094] DMAR: Forcing write-buffer flush capability
Jul  2 19:59:09 daveti-ThinkCentre-M58e kernel: [    0.117095] DMAR: Disabling IOMMU for graphics on this chipset
Jul  2 19:59:09 daveti-ThinkCentre-M58e kernel: [    0.117155] pci 0000:00:02.0: [8086:2e32] type 00 class 0x030000
Jul  2 19:59:09 daveti-ThinkCentre-M58e kernel: [    0.117165] pci 0000:00:02.0: reg 0x10: [mem 0xfe400000-0xfe7fffff 64bit]
Jul  2 19:59:09 daveti-ThinkCentre-M58e kernel: [    0.117171] pci 0000:00:02.0: reg 0x18: [mem 0xd0000000-0xdfffffff 64bit pref]
Jul  2 19:59:09 daveti-ThinkCentre-M58e kernel: [    0.117176] pci 0000:00:02.0: reg 0x20: [io  0xdc00-0xdc07]
Jul  2 19:59:09 daveti-ThinkCentre-M58e kernel: [    0.117270] pci 0000:00:1b.0: [8086:27d8] type 00 class 0x040300
Jul  2 19:59:09 daveti-ThinkCentre-M58e kernel: [    0.117282] pci 0000:00:1b.0: reg 0x10: [mem 0xfeaf8000-0xfeafbfff 64bit]
Jul  2 19:59:09 daveti-ThinkCentre-M58e kernel: [    0.117338] pci 0000:00:1b.0: PME# supported from D0 D3hot D3cold
Jul  2 19:59:09 daveti-ThinkCentre-M58e kernel: [    0.117399] pci 0000:00:1c.0: [8086:27d0] type 01 class 0x060400
Jul  2 19:59:09 daveti-ThinkCentre-M58e kernel: [    0.117451] pci 0000:00:1c.0: PME# supported from D0 D3hot D3cold
Jul  2 19:59:09 daveti-ThinkCentre-M58e kernel: [    0.117490] pci 0000:00:1c.0: System wakeup disabled by ACPI
Jul  2 19:59:09 daveti-ThinkCentre-M58e kernel: [    0.117520] pci 0000:00:1c.1: [8086:27d2] type 01 class 0x060400
Jul  2 19:59:09 daveti-ThinkCentre-M58e kernel: [    0.117576] pci 0000:00:1c.1: PME# supported from D0 D3hot D3cold
Jul  2 19:59:09 daveti-ThinkCentre-M58e kernel: [    0.117616] pci 0000:00:1c.1: System wakeup disabled by ACPI
Jul  2 19:59:09 daveti-ThinkCentre-M58e kernel: [    0.117645] pci 0000:00:1d.0: [8086:27c8] type 00 class 0x0c0300
Jul  2 19:59:09 daveti-ThinkCentre-M58e kernel: [    0.117678] pci 0000:00:1d.0: reg 0x20: [io  0xd880-0xd89f]
Jul  2 19:59:09 daveti-ThinkCentre-M58e kernel: [    0.117737] pci 0000:00:1d.0: System wakeup disabled by ACPI
Jul  2 19:59:09 daveti-ThinkCentre-M58e kernel: [    0.117762] pci 0000:00:1d.1: [8086:27c9] type 00 class 0x0c0300
Jul  2 19:59:09 daveti-ThinkCentre-M58e kernel: [    0.117795] pci 0000:00:1d.1: reg 0x20: [io  0xd800-0xd81f]
Jul  2 19:59:09 daveti-ThinkCentre-M58e kernel: [    0.117853] pci 0000:00:1d.1: System wakeup disabled by ACPI
Jul  2 19:59:09 daveti-ThinkCentre-M58e kernel: [    0.117879] pci 0000:00:1d.2: [8086:27ca] type 00 class 0x0c0300
Jul  2 19:59:09 daveti-ThinkCentre-M58e kernel: [    0.117912] pci 0000:00:1d.2: reg 0x20: [io  0xd480-0xd49f]
Jul  2 19:59:09 daveti-ThinkCentre-M58e kernel: [    0.117969] pci 0000:00:1d.2: System wakeup disabled by ACPI
Jul  2 19:59:09 daveti-ThinkCentre-M58e kernel: [    0.117995] pci 0000:00:1d.3: [8086:27cb] type 00 class 0x0c0300
Jul  2 19:59:09 daveti-ThinkCentre-M58e kernel: [    0.118028] pci 0000:00:1d.3: reg 0x20: [io  0xd400-0xd41f]
Jul  2 19:59:09 daveti-ThinkCentre-M58e kernel: [    0.118085] pci 0000:00:1d.3: System wakeup disabled by ACPI
Jul  2 19:59:09 daveti-ThinkCentre-M58e kernel: [    0.118119] pci 0000:00:1d.7: [8086:27cc] type 00 class 0x0c0320
Jul  2 19:59:09 daveti-ThinkCentre-M58e kernel: [    0.118135] pci 0000:00:1d.7: reg 0x10: [mem 0xfeaf7c00-0xfeaf7fff]
Jul  2 19:59:09 daveti-ThinkCentre-M58e kernel: [    0.118205] pci 0000:00:1d.7: PME# supported from D0 D3hot D3cold
Jul  2 19:59:09 daveti-ThinkCentre-M58e kernel: [    0.118241] pci 0000:00:1d.7: System wakeup disabled by ACPI
Jul  2 19:59:09 daveti-ThinkCentre-M58e kernel: [    0.118267] pci 0000:00:1e.0: [8086:244e] type 01 class 0x060401
Jul  2 19:59:09 daveti-ThinkCentre-M58e kernel: [    0.118332] pci 0000:00:1e.0: System wakeup disabled by ACPI
Jul  2 19:59:09 daveti-ThinkCentre-M58e kernel: [    0.118361] pci 0000:00:1f.0: [8086:27b8] type 00 class 0x060100
Jul  2 19:59:09 daveti-ThinkCentre-M58e kernel: [    0.118429] pci 0000:00:1f.0: address space collision: [io  0x0800-0x087f] conflicts with ACPI CPU throttle [??? 0x00000810-0x00000815 flags 0x80000000]
Jul  2 19:59:09 daveti-ThinkCentre-M58e kernel: [    0.118434] pci 0000:00:1f.0: quirk: [io  0x0480-0x04bf] claimed by ICH6 GPIO
Jul  2 19:59:09 daveti-ThinkCentre-M58e kernel: [    0.118437] pci 0000:00:1f.0: ICH7 LPC Generic IO decode 1 PIO at 0a00 (mask 00ff)
Jul  2 19:59:09 daveti-ThinkCentre-M58e kernel: [    0.118514] pci 0000:00:1f.1: [8086:27df] type 00 class 0x01018a
Jul  2 19:59:09 daveti-ThinkCentre-M58e kernel: [    0.118525] pci 0000:00:1f.1: reg 0x10: [io  0x0000-0x0007]
Jul  2 19:59:09 daveti-ThinkCentre-M58e kernel: [    0.118533] pci 0000:00:1f.1: reg 0x14: [io  0x0000-0x0003]
Jul  2 19:59:09 daveti-ThinkCentre-M58e kernel: [    0.118540] pci 0000:00:1f.1: reg 0x18: [io  0x08f0-0x08f7]
Jul  2 19:59:09 daveti-ThinkCentre-M58e kernel: [    0.118548] pci 0000:00:1f.1: reg 0x1c: [io  0x08f8-0x08fb]
Jul  2 19:59:09 daveti-ThinkCentre-M58e kernel: [    0.118556] pci 0000:00:1f.1: reg 0x20: [io  0xffa0-0xffaf]
Jul  2 19:59:09 daveti-ThinkCentre-M58e kernel: [    0.118625] pci 0000:00:1f.2: [8086:27c0] type 00 class 0x01018f
Jul  2 19:59:09 daveti-ThinkCentre-M58e kernel: [    0.118637] pci 0000:00:1f.2: reg 0x10: [io  0xd080-0xd087]
Jul  2 19:59:09 daveti-ThinkCentre-M58e kernel: [    0.118643] pci 0000:00:1f.2: reg 0x14: [io  0xd000-0xd003]
Jul  2 19:59:09 daveti-ThinkCentre-M58e kernel: [    0.118650] pci 0000:00:1f.2: reg 0x18: [io  0xcc00-0xcc07]
Jul  2 19:59:09 daveti-ThinkCentre-M58e kernel: [    0.118656] pci 0000:00:1f.2: reg 0x1c: [io  0xc880-0xc883]
Jul  2 19:59:09 daveti-ThinkCentre-M58e kernel: [    0.118663] pci 0000:00:1f.2: reg 0x20: [io  0xc800-0xc80f]
Jul  2 19:59:09 daveti-ThinkCentre-M58e kernel: [    0.118691] pci 0000:00:1f.2: PME# supported from D3hot
Jul  2 19:59:09 daveti-ThinkCentre-M58e kernel: [    0.118747] pci 0000:00:1f.3: [8086:27da] type 00 class 0x0c0500
Jul  2 19:59:09 daveti-ThinkCentre-M58e kernel: [    0.118790] pci 0000:00:1f.3: reg 0x20: [io  0x0400-0x041f]
Jul  2 19:59:09 daveti-ThinkCentre-M58e kernel: [    0.118901] pci 0000:00:1c.0: PCI bridge to [bus 01]
Jul  2 19:59:09 daveti-ThinkCentre-M58e kernel: [    0.118965] pci 0000:02:00.0: [11ab:4380] type 00 class 0x020000
Jul  2 19:59:09 daveti-ThinkCentre-M58e kernel: [    0.118986] pci 0000:02:00.0: reg 0x10: [mem 0xfebfc000-0xfebfffff 64bit]
Jul  2 19:59:09 daveti-ThinkCentre-M58e kernel: [    0.118997] pci 0000:02:00.0: reg 0x18: [io  0xe800-0xe8ff]
Jul  2 19:59:09 daveti-ThinkCentre-M58e kernel: [    0.119035] pci 0000:02:00.0: reg 0x30: [mem 0xfebc0000-0xfebdffff pref]
Jul  2 19:59:09 daveti-ThinkCentre-M58e kernel: [    0.119095] pci 0000:02:00.0: supports D1 D2
Jul  2 19:59:09 daveti-ThinkCentre-M58e kernel: [    0.119097] pci 0000:02:00.0: PME# supported from D0 D1 D2 D3hot D3cold
Jul  2 19:59:09 daveti-ThinkCentre-M58e kernel: [    0.124017] pci 0000:00:1c.1: PCI bridge to [bus 02]
Jul  2 19:59:09 daveti-ThinkCentre-M58e kernel: [    0.124022] pci 0000:00:1c.1:   bridge window [io  0xe000-0xefff]
Jul  2 19:59:09 daveti-ThinkCentre-M58e kernel: [    0.124026] pci 0000:00:1c.1:   bridge window [mem 0xfeb00000-0xfebfffff]
Jul  2 19:59:09 daveti-ThinkCentre-M58e kernel: [    0.124105] pci 0000:00:1e.0: PCI bridge to [bus 03] (subtractive decode)
Jul  2 19:59:09 daveti-ThinkCentre-M58e kernel: [    0.124115] pci 0000:00:1e.0:   bridge window [io  0x0000-0x0cf7] (subtractive decode)
Jul  2 19:59:09 daveti-ThinkCentre-M58e kernel: [    0.124117] pci 0000:00:1e.0:   bridge window [io  0x0d00-0xffff] (subtractive decode)
Jul  2 19:59:09 daveti-ThinkCentre-M58e kernel: [    0.124120] pci 0000:00:1e.0:   bridge window [mem 0x000a0000-0x000bffff] (subtractive decode)
Jul  2 19:59:09 daveti-ThinkCentre-M58e kernel: [    0.124123] pci 0000:00:1e.0:   bridge window [mem 0x000d0000-0x000dffff] (subtractive decode)
Jul  2 19:59:09 daveti-ThinkCentre-M58e kernel: [    0.124126] pci 0000:00:1e.0:   bridge window [mem 0xbde00000-0xdfffffff] (subtractive decode)
Jul  2 19:59:09 daveti-ThinkCentre-M58e kernel: [    0.124128] pci 0000:00:1e.0:   bridge window [mem 0xf0000000-0xffffffff] (subtractive decode)
Jul  2 19:59:09 daveti-ThinkCentre-M58e kernel: [    0.124727] ACPI: PCI Interrupt Link [LNKA] (IRQs 3 4 5 6 7 *10 11 12 14 15)
Jul  2 19:59:09 daveti-ThinkCentre-M58e kernel: [    0.124774] ACPI: PCI Interrupt Link [LNKB] (IRQs 3 4 5 6 7 10 *11 12 14 15)
Jul  2 19:59:09 daveti-ThinkCentre-M58e kernel: [    0.124819] ACPI: PCI Interrupt Link [LNKC] (IRQs 3 4 5 6 7 *10 11 12 14 15)
Jul  2 19:59:09 daveti-ThinkCentre-M58e kernel: [    0.124865] ACPI: PCI Interrupt Link [LNKD] (IRQs 3 4 *5 6 7 10 11 12 14 15)
Jul  2 19:59:09 daveti-ThinkCentre-M58e kernel: [    0.124910] ACPI: PCI Interrupt Link [LNKE] (IRQs 3 4 5 6 7 10 11 12 14 15) *0, disabled.
Jul  2 19:59:09 daveti-ThinkCentre-M58e kernel: [    0.124958] ACPI: PCI Interrupt Link [LNKF] (IRQs 3 4 5 6 7 10 11 12 14 15) *0, disabled.
Jul  2 19:59:09 daveti-ThinkCentre-M58e kernel: [    0.125004] ACPI: PCI Interrupt Link [LNKG] (IRQs 3 4 5 6 7 10 11 12 14 15) *0, disabled.
Jul  2 19:59:09 daveti-ThinkCentre-M58e kernel: [    0.125050] ACPI: PCI Interrupt Link [LNKH] (IRQs *3 4 5 6 7 10 11 12 14 15)
Jul  2 19:59:09 daveti-ThinkCentre-M58e kernel: [    0.125142] ACPI: Enabled 2 GPEs in block 00 to 1F
Jul  2 19:59:09 daveti-ThinkCentre-M58e kernel: [    0.125148] ACPI: \_SB_.PCI0: notify handler is installed
Jul  2 19:59:09 daveti-ThinkCentre-M58e kernel: [    0.125178] Found 1 acpi root devices
Jul  2 19:59:09 daveti-ThinkCentre-M58e kernel: [    0.125234] vgaarb: device added: PCI:0000:00:02.0,decodes=io+mem,owns=io+mem,locks=none
Jul  2 19:59:09 daveti-ThinkCentre-M58e kernel: [    0.125234] vgaarb: loaded
Jul  2 19:59:09 daveti-ThinkCentre-M58e kernel: [    0.125234] vgaarb: bridge control possible 0000:00:02.0
Jul  2 19:59:09 daveti-ThinkCentre-M58e kernel: [    0.125234] SCSI subsystem initialized
Jul  2 19:59:09 daveti-ThinkCentre-M58e kernel: [    0.125234] libata version 3.00 loaded.
Jul  2 19:59:09 daveti-ThinkCentre-M58e kernel: [    0.125234] ACPI: bus type USB registered
Jul  2 19:59:09 daveti-ThinkCentre-M58e kernel: [    0.125234] usbcore: registered new interface driver usbfs
Jul  2 19:59:09 daveti-ThinkCentre-M58e kernel: [    0.125234] daveti2: into usb_hub_init
Jul  2 19:59:09 daveti-ThinkCentre-M58e kernel: [    0.125234] usbcore: registered new interface driver hub
Jul  2 19:59:09 daveti-ThinkCentre-M58e kernel: [    0.125234] usbcore: registered new device driver usb
Jul  2 19:59:09 daveti-ThinkCentre-M58e kernel: [    0.125234] PCI: Using ACPI for IRQ routing
Jul  2 19:59:09 daveti-ThinkCentre-M58e kernel: [    0.131253] PCI: pci_cache_line_size set to 64 bytes
Jul  2 19:59:09 daveti-ThinkCentre-M58e kernel: [    0.131285] Expanded resource reserved due to conflict with PCI Bus 0000:00
Jul  2 19:59:09 daveti-ThinkCentre-M58e kernel: [    0.131287] e820: reserve RAM buffer [mem 0x0009fc00-0x0009ffff]
Jul  2 19:59:09 daveti-ThinkCentre-M58e kernel: [    0.131288] e820: reserve RAM buffer [mem 0xbdda0000-0xbfffffff]
Jul  2 19:59:09 daveti-ThinkCentre-M58e kernel: [    0.131364] NetLabel: Initializing
Jul  2 19:59:09 daveti-ThinkCentre-M58e kernel: [    0.131365] NetLabel:  domain hash size = 128
Jul  2 19:59:09 daveti-ThinkCentre-M58e kernel: [    0.131366] NetLabel:  protocols = UNLABELED CIPSOv4
Jul  2 19:59:09 daveti-ThinkCentre-M58e kernel: [    0.131379] NetLabel:  unlabeled traffic allowed by default
Jul  2 19:59:09 daveti-ThinkCentre-M58e kernel: [    0.131389] HPET: 3 timers in total, 0 timers will be used for per-cpu timer
Jul  2 19:59:09 daveti-ThinkCentre-M58e kernel: [    0.131389] hpet0: at MMIO 0xfed00000, IRQs 2, 8, 0
Jul  2 19:59:09 daveti-ThinkCentre-M58e kernel: [    0.131389] hpet0: 3 comparators, 64-bit 14.318180 MHz counter
Jul  2 19:59:09 daveti-ThinkCentre-M58e kernel: [    0.133010] Switched to clocksource hpet
Jul  2 19:59:09 daveti-ThinkCentre-M58e kernel: [    0.137512] AppArmor: AppArmor Filesystem Enabled
Jul  2 19:59:09 daveti-ThinkCentre-M58e kernel: [    0.137542] pnp: PnP ACPI init
Jul  2 19:59:09 daveti-ThinkCentre-M58e kernel: [    0.137554] ACPI: bus type PNP registered
Jul  2 19:59:09 daveti-ThinkCentre-M58e kernel: [    0.137619] system 00:00: [mem 0xfed14000-0xfed19fff] has been reserved
Jul  2 19:59:09 daveti-ThinkCentre-M58e kernel: [    0.137622] system 00:00: [mem 0xfed90000-0xfed93fff] has been reserved
Jul  2 19:59:09 daveti-ThinkCentre-M58e kernel: [    0.137626] system 00:00: Plug and Play ACPI device, IDs PNP0c01 (active)
Jul  2 19:59:09 daveti-ThinkCentre-M58e kernel: [    0.137667] pnp 00:01: [dma 4]
Jul  2 19:59:09 daveti-ThinkCentre-M58e kernel: [    0.137683] pnp 00:01: Plug and Play ACPI device, IDs PNP0200 (active)
Jul  2 19:59:09 daveti-ThinkCentre-M58e kernel: [    0.137719] pnp 00:02: Plug and Play ACPI device, IDs PNP0b00 (active)
Jul  2 19:59:09 daveti-ThinkCentre-M58e kernel: [    0.137739] pnp 00:03: Plug and Play ACPI device, IDs PNP0800 (active)
Jul  2 19:59:09 daveti-ThinkCentre-M58e kernel: [    0.137765] pnp 00:04: Plug and Play ACPI device, IDs PNP0c04 (active)
Jul  2 19:59:09 daveti-ThinkCentre-M58e kernel: [    0.137931] pnp 00:05: [dma 0 disabled]
Jul  2 19:59:09 daveti-ThinkCentre-M58e kernel: [    0.137974] pnp 00:05: Plug and Play ACPI device, IDs PNP0501 (active)
Jul  2 19:59:09 daveti-ThinkCentre-M58e kernel: [    0.138327] pnp 00:06: [dma 3]
Jul  2 19:59:09 daveti-ThinkCentre-M58e kernel: [    0.138415] pnp 00:06: Plug and Play ACPI device, IDs PNP0401 (active)
Jul  2 19:59:09 daveti-ThinkCentre-M58e kernel: [    0.138507] system 00:07: [io  0x0a00-0x0a7f] has been reserved
Jul  2 19:59:09 daveti-ThinkCentre-M58e kernel: [    0.138510] system 00:07: Plug and Play ACPI device, IDs PNP0c02 (active)
Jul  2 19:59:09 daveti-ThinkCentre-M58e kernel: [    0.138597] system 00:08: [io  0x04d0-0x04d1] has been reserved
Jul  2 19:59:09 daveti-ThinkCentre-M58e kernel: [    0.138599] system 00:08: [io  0x0800-0x087f] could not be reserved
Jul  2 19:59:09 daveti-ThinkCentre-M58e kernel: [    0.138601] system 00:08: [io  0x0480-0x04bf] has been reserved
Jul  2 19:59:09 daveti-ThinkCentre-M58e kernel: [    0.138604] system 00:08: [mem 0xfed1c000-0xfed1ffff] has been reserved
Jul  2 19:59:09 daveti-ThinkCentre-M58e kernel: [    0.138606] system 00:08: [mem 0xfed20000-0xfed8ffff] has been reserved
Jul  2 19:59:09 daveti-ThinkCentre-M58e kernel: [    0.138608] system 00:08: Plug and Play ACPI device, IDs PNP0c02 (active)
Jul  2 19:59:09 daveti-ThinkCentre-M58e kernel: [    0.138662] pnp 00:09: Plug and Play ACPI device, IDs PNP0103 (active)
Jul  2 19:59:09 daveti-ThinkCentre-M58e kernel: [    0.138712] pnp 00:0a: Plug and Play ACPI device, IDs INT0800 (active)
Jul  2 19:59:09 daveti-ThinkCentre-M58e kernel: [    0.138764] system 00:0b: [mem 0xffc00000-0xffefffff] has been reserved
Jul  2 19:59:09 daveti-ThinkCentre-M58e kernel: [    0.138766] system 00:0b: Plug and Play ACPI device, IDs PNP0c02 (active)
Jul  2 19:59:09 daveti-ThinkCentre-M58e kernel: [    0.138842] system 00:0c: [mem 0xfec00000-0xfec00fff] could not be reserved
Jul  2 19:59:09 daveti-ThinkCentre-M58e kernel: [    0.138844] system 00:0c: [mem 0xfee00000-0xfee00fff] has been reserved
Jul  2 19:59:09 daveti-ThinkCentre-M58e kernel: [    0.138847] system 00:0c: Plug and Play ACPI device, IDs PNP0c02 (active)
Jul  2 19:59:09 daveti-ThinkCentre-M58e kernel: [    0.138892] system 00:0d: [mem 0xe0000000-0xefffffff] has been reserved
Jul  2 19:59:09 daveti-ThinkCentre-M58e kernel: [    0.138895] system 00:0d: Plug and Play ACPI device, IDs PNP0c02 (active)
Jul  2 19:59:09 daveti-ThinkCentre-M58e kernel: [    0.139029] system 00:0e: [mem 0x00000000-0x0009ffff] could not be reserved
Jul  2 19:59:09 daveti-ThinkCentre-M58e kernel: [    0.139032] system 00:0e: [mem 0x000c0000-0x000cffff] could not be reserved
Jul  2 19:59:09 daveti-ThinkCentre-M58e kernel: [    0.139034] system 00:0e: [mem 0x000e0000-0x000fffff] could not be reserved
Jul  2 19:59:09 daveti-ThinkCentre-M58e kernel: [    0.139036] system 00:0e: [mem 0x00100000-0xbddfffff] could not be reserved
Jul  2 19:59:09 daveti-ThinkCentre-M58e kernel: [    0.139038] system 00:0e: Plug and Play ACPI device, IDs PNP0c01 (active)
Jul  2 19:59:09 daveti-ThinkCentre-M58e kernel: [    0.139136] pnp: PnP ACPI: found 15 devices
Jul  2 19:59:09 daveti-ThinkCentre-M58e kernel: [    0.139137] ACPI: bus type PNP unregistered
Jul  2 19:59:09 daveti-ThinkCentre-M58e kernel: [    0.145250] pci 0000:00:1c.0: bridge window [io  0x1000-0x0fff] to [bus 01] add_size 1000
Jul  2 19:59:09 daveti-ThinkCentre-M58e kernel: [    0.145253] pci 0000:00:1c.0: bridge window [mem 0x00100000-0x000fffff 64bit pref] to [bus 01] add_size 200000
Jul  2 19:59:09 daveti-ThinkCentre-M58e kernel: [    0.145258] pci 0000:00:1c.0: bridge window [mem 0x00100000-0x000fffff] to [bus 01] add_size 200000
Jul  2 19:59:09 daveti-ThinkCentre-M58e kernel: [    0.145265] pci 0000:00:1c.1: bridge window [mem 0x00100000-0x000fffff 64bit pref] to [bus 02] add_size 200000
Jul  2 19:59:09 daveti-ThinkCentre-M58e kernel: [    0.145273] pci 0000:00:1f.0: BAR 13: [io  0x0800-0x087f] has bogus alignment
Jul  2 19:59:09 daveti-ThinkCentre-M58e kernel: [    0.145276] pci 0000:00:1c.0: res[14]=[mem 0x00100000-0x000fffff] get_res_add_size add_size 200000
Jul  2 19:59:09 daveti-ThinkCentre-M58e kernel: [    0.145278] pci 0000:00:1c.0: res[15]=[mem 0x00100000-0x000fffff 64bit pref] get_res_add_size add_size 200000
Jul  2 19:59:09 daveti-ThinkCentre-M58e kernel: [    0.145280] pci 0000:00:1c.1: res[15]=[mem 0x00100000-0x000fffff 64bit pref] get_res_add_size add_size 200000
Jul  2 19:59:09 daveti-ThinkCentre-M58e kernel: [    0.145282] pci 0000:00:1c.0: res[13]=[io  0x1000-0x0fff] get_res_add_size add_size 1000
Jul  2 19:59:09 daveti-ThinkCentre-M58e kernel: [    0.145286] pci 0000:00:1c.0: BAR 14: assigned [mem 0xc0000000-0xc01fffff]
Jul  2 19:59:09 daveti-ThinkCentre-M58e kernel: [    0.145289] pci 0000:00:1c.0: BAR 15: assigned [mem 0xc0200000-0xc03fffff 64bit pref]
Jul  2 19:59:09 daveti-ThinkCentre-M58e kernel: [    0.145291] pci 0000:00:1c.1: BAR 15: assigned [mem 0xc0400000-0xc05fffff 64bit pref]
Jul  2 19:59:09 daveti-ThinkCentre-M58e kernel: [    0.145293] pci 0000:00:1c.0: BAR 13: assigned [io  0x1000-0x1fff]
Jul  2 19:59:09 daveti-ThinkCentre-M58e kernel: [    0.145296] pci 0000:00:1c.0: PCI bridge to [bus 01]
Jul  2 19:59:09 daveti-ThinkCentre-M58e kernel: [    0.145299] pci 0000:00:1c.0:   bridge window [io  0x1000-0x1fff]
Jul  2 19:59:09 daveti-ThinkCentre-M58e kernel: [    0.145303] pci 0000:00:1c.0:   bridge window [mem 0xc0000000-0xc01fffff]
Jul  2 19:59:09 daveti-ThinkCentre-M58e kernel: [    0.145306] pci 0000:00:1c.0:   bridge window [mem 0xc0200000-0xc03fffff 64bit pref]
Jul  2 19:59:09 daveti-ThinkCentre-M58e kernel: [    0.145311] pci 0000:00:1c.1: PCI bridge to [bus 02]
Jul  2 19:59:09 daveti-ThinkCentre-M58e kernel: [    0.145313] pci 0000:00:1c.1:   bridge window [io  0xe000-0xefff]
Jul  2 19:59:09 daveti-ThinkCentre-M58e kernel: [    0.145317] pci 0000:00:1c.1:   bridge window [mem 0xfeb00000-0xfebfffff]
Jul  2 19:59:09 daveti-ThinkCentre-M58e kernel: [    0.145320] pci 0000:00:1c.1:   bridge window [mem 0xc0400000-0xc05fffff 64bit pref]
Jul  2 19:59:09 daveti-ThinkCentre-M58e kernel: [    0.145325] pci 0000:00:1e.0: PCI bridge to [bus 03]
Jul  2 19:59:09 daveti-ThinkCentre-M58e kernel: [    0.145334] pci_bus 0000:00: resource 4 [io  0x0000-0x0cf7]
Jul  2 19:59:09 daveti-ThinkCentre-M58e kernel: [    0.145336] pci_bus 0000:00: resource 5 [io  0x0d00-0xffff]
Jul  2 19:59:09 daveti-ThinkCentre-M58e kernel: [    0.145337] pci_bus 0000:00: resource 6 [mem 0x000a0000-0x000bffff]
Jul  2 19:59:09 daveti-ThinkCentre-M58e kernel: [    0.145339] pci_bus 0000:00: resource 7 [mem 0x000d0000-0x000dffff]
Jul  2 19:59:09 daveti-ThinkCentre-M58e kernel: [    0.145341] pci_bus 0000:00: resource 8 [mem 0xbde00000-0xdfffffff]
Jul  2 19:59:09 daveti-ThinkCentre-M58e kernel: [    0.145343] pci_bus 0000:00: resource 9 [mem 0xf0000000-0xffffffff]
Jul  2 19:59:09 daveti-ThinkCentre-M58e kernel: [    0.145345] pci_bus 0000:01: resource 0 [io  0x1000-0x1fff]
Jul  2 19:59:09 daveti-ThinkCentre-M58e kernel: [    0.145346] pci_bus 0000:01: resource 1 [mem 0xc0000000-0xc01fffff]
Jul  2 19:59:09 daveti-ThinkCentre-M58e kernel: [    0.145348] pci_bus 0000:01: resource 2 [mem 0xc0200000-0xc03fffff 64bit pref]
Jul  2 19:59:09 daveti-ThinkCentre-M58e kernel: [    0.145350] pci_bus 0000:02: resource 0 [io  0xe000-0xefff]
Jul  2 19:59:09 daveti-ThinkCentre-M58e kernel: [    0.145352] pci_bus 0000:02: resource 1 [mem 0xfeb00000-0xfebfffff]
Jul  2 19:59:09 daveti-ThinkCentre-M58e kernel: [    0.145353] pci_bus 0000:02: resource 2 [mem 0xc0400000-0xc05fffff 64bit pref]
Jul  2 19:59:09 daveti-ThinkCentre-M58e kernel: [    0.145355] pci_bus 0000:03: resource 4 [io  0x0000-0x0cf7]
Jul  2 19:59:09 daveti-ThinkCentre-M58e kernel: [    0.145357] pci_bus 0000:03: resource 5 [io  0x0d00-0xffff]
Jul  2 19:59:09 daveti-ThinkCentre-M58e kernel: [    0.145359] pci_bus 0000:03: resource 6 [mem 0x000a0000-0x000bffff]
Jul  2 19:59:09 daveti-ThinkCentre-M58e kernel: [    0.145360] pci_bus 0000:03: resource 7 [mem 0x000d0000-0x000dffff]
Jul  2 19:59:09 daveti-ThinkCentre-M58e kernel: [    0.145362] pci_bus 0000:03: resource 8 [mem 0xbde00000-0xdfffffff]
Jul  2 19:59:09 daveti-ThinkCentre-M58e kernel: [    0.145364] pci_bus 0000:03: resource 9 [mem 0xf0000000-0xffffffff]
Jul  2 19:59:09 daveti-ThinkCentre-M58e kernel: [    0.145392] NET: Registered protocol family 2
Jul  2 19:59:09 daveti-ThinkCentre-M58e kernel: [    0.145532] TCP established hash table entries: 32768 (order: 6, 262144 bytes)
Jul  2 19:59:09 daveti-ThinkCentre-M58e kernel: [    0.145649] TCP bind hash table entries: 32768 (order: 7, 524288 bytes)
Jul  2 19:59:09 daveti-ThinkCentre-M58e kernel: [    0.145819] TCP: Hash tables configured (established 32768 bind 32768)
Jul  2 19:59:09 daveti-ThinkCentre-M58e kernel: [    0.145858] TCP: reno registered
Jul  2 19:59:09 daveti-ThinkCentre-M58e kernel: [    0.145865] UDP hash table entries: 2048 (order: 4, 65536 bytes)
Jul  2 19:59:09 daveti-ThinkCentre-M58e kernel: [    0.145893] UDP-Lite hash table entries: 2048 (order: 4, 65536 bytes)
Jul  2 19:59:09 daveti-ThinkCentre-M58e kernel: [    0.145962] NET: Registered protocol family 1
Jul  2 19:59:09 daveti-ThinkCentre-M58e kernel: [    0.145973] pci 0000:00:02.0: Boot video device
Jul  2 19:59:09 daveti-ThinkCentre-M58e kernel: [    0.146043] pci 0000:00:1d.0: uhci_check_and_reset_hc: legsup = 0x0f30
Jul  2 19:59:09 daveti-ThinkCentre-M58e kernel: [    0.146045] pci 0000:00:1d.0: Performing full reset
Jul  2 19:59:09 daveti-ThinkCentre-M58e kernel: [    0.146143] pci 0000:00:1d.1: uhci_check_and_reset_hc: legsup = 0x0030
Jul  2 19:59:09 daveti-ThinkCentre-M58e kernel: [    0.146145] pci 0000:00:1d.1: Performing full reset
Jul  2 19:59:09 daveti-ThinkCentre-M58e kernel: [    0.146240] pci 0000:00:1d.2: uhci_check_and_reset_hc: legsup = 0x0030
Jul  2 19:59:09 daveti-ThinkCentre-M58e kernel: [    0.146241] pci 0000:00:1d.2: Performing full reset
Jul  2 19:59:09 daveti-ThinkCentre-M58e kernel: [    0.146337] pci 0000:00:1d.3: uhci_check_and_reset_hc: legsup = 0x0030
Jul  2 19:59:09 daveti-ThinkCentre-M58e kernel: [    0.146338] pci 0000:00:1d.3: Performing full reset
Jul  2 19:59:09 daveti-ThinkCentre-M58e kernel: [    0.146495] PCI: CLS 32 bytes, default 64
Jul  2 19:59:09 daveti-ThinkCentre-M58e kernel: [    0.146547] Trying to unpack rootfs image as initramfs...
Jul  2 19:59:09 daveti-ThinkCentre-M58e kernel: [    0.420035] Freeing initrd memory: 18664K (ffff880035b7c000 - ffff880036db6000)
Jul  2 19:59:09 daveti-ThinkCentre-M58e kernel: [    0.420044] PCI-DMA: Using software bounce buffering for IO (SWIOTLB)
Jul  2 19:59:09 daveti-ThinkCentre-M58e kernel: [    0.420046] software IO TLB [mem 0xb9da0000-0xbdda0000] (64MB) mapped at [ffff8800b9da0000-ffff8800bdd9ffff]
Jul  2 19:59:09 daveti-ThinkCentre-M58e kernel: [    0.420263] microcode: CPU0 sig=0x1067a, pf=0x1, revision=0xa07
Jul  2 19:59:09 daveti-ThinkCentre-M58e kernel: [    0.420266] microcode: CPU1 sig=0x1067a, pf=0x1, revision=0xa07
Jul  2 19:59:09 daveti-ThinkCentre-M58e kernel: [    0.420332] microcode: Microcode Update Driver: v2.00 <tigran@aivazian.fsnet.co.uk>, Peter Oruba
Jul  2 19:59:09 daveti-ThinkCentre-M58e kernel: [    0.420334] Scanning for low memory corruption every 60 seconds
Jul  2 19:59:09 daveti-ThinkCentre-M58e kernel: [    0.420545] Initialise system trusted keyring
Jul  2 19:59:09 daveti-ThinkCentre-M58e kernel: [    0.420591] audit: initializing netlink socket (disabled)
Jul  2 19:59:09 daveti-ThinkCentre-M58e kernel: [    0.420605] type=2000 audit(1404356335.420:1): initialized
Jul  2 19:59:09 daveti-ThinkCentre-M58e kernel: [    0.444651] HugeTLB registered 2 MB page size, pre-allocated 0 pages
Jul  2 19:59:09 daveti-ThinkCentre-M58e kernel: [    0.445845] zbud: loaded
Jul  2 19:59:09 daveti-ThinkCentre-M58e kernel: [    0.445952] VFS: Disk quotas dquot_6.5.2
Jul  2 19:59:09 daveti-ThinkCentre-M58e kernel: [    0.445989] Dquot-cache hash table entries: 512 (order 0, 4096 bytes)
Jul  2 19:59:09 daveti-ThinkCentre-M58e kernel: [    0.446386] fuse init (API version 7.22)
Jul  2 19:59:09 daveti-ThinkCentre-M58e kernel: [    0.446451] msgmni has been set to 7832
Jul  2 19:59:09 daveti-ThinkCentre-M58e kernel: [    0.446501] Key type big_key registered
Jul  2 19:59:09 daveti-ThinkCentre-M58e kernel: [    0.446813] Key type asymmetric registered
Jul  2 19:59:09 daveti-ThinkCentre-M58e kernel: [    0.446815] Asymmetric key parser 'x509' registered
Jul  2 19:59:09 daveti-ThinkCentre-M58e kernel: [    0.446842] Block layer SCSI generic (bsg) driver version 0.4 loaded (major 252)
Jul  2 19:59:09 daveti-ThinkCentre-M58e kernel: [    0.446869] io scheduler noop registered
Jul  2 19:59:09 daveti-ThinkCentre-M58e kernel: [    0.446871] io scheduler deadline registered (default)
Jul  2 19:59:09 daveti-ThinkCentre-M58e kernel: [    0.446894] io scheduler cfq registered
Jul  2 19:59:09 daveti-ThinkCentre-M58e kernel: [    0.446963] pcieport 0000:00:1c.0: enabling device (0104 -> 0107)
Jul  2 19:59:09 daveti-ThinkCentre-M58e kernel: [    0.447075] pcieport 0000:00:1c.0: irq 40 for MSI/MSI-X
Jul  2 19:59:09 daveti-ThinkCentre-M58e kernel: [    0.447199] pcieport 0000:00:1c.1: irq 41 for MSI/MSI-X
Jul  2 19:59:09 daveti-ThinkCentre-M58e kernel: [    0.447281] pcieport 0000:00:1c.0: Signaling PME through PCIe PME interrupt
Jul  2 19:59:09 daveti-ThinkCentre-M58e kernel: [    0.447285] pcie_pme 0000:00:1c.0:pcie01: service driver pcie_pme loaded
Jul  2 19:59:09 daveti-ThinkCentre-M58e kernel: [    0.447302] pcieport 0000:00:1c.1: Signaling PME through PCIe PME interrupt
Jul  2 19:59:09 daveti-ThinkCentre-M58e kernel: [    0.447304] pci 0000:02:00.0: Signaling PME through PCIe PME interrupt
Jul  2 19:59:09 daveti-ThinkCentre-M58e kernel: [    0.447307] pcie_pme 0000:00:1c.1:pcie01: service driver pcie_pme loaded
Jul  2 19:59:09 daveti-ThinkCentre-M58e kernel: [    0.447318] pci_hotplug: PCI Hot Plug PCI Core version: 0.5
Jul  2 19:59:09 daveti-ThinkCentre-M58e kernel: [    0.447346] pciehp 0000:00:1c.0:pcie04: HPC vendor_id 8086 device_id 27d0 ss_vid 8086 ss_did 27d0
Jul  2 19:59:09 daveti-ThinkCentre-M58e kernel: [    0.447367] pciehp 0000:00:1c.0:pcie04: service driver pciehp loaded
Jul  2 19:59:09 daveti-ThinkCentre-M58e kernel: [    0.447376] pciehp 0000:00:1c.1:pcie04: HPC vendor_id 8086 device_id 27d2 ss_vid 8086 ss_did 27d2
Jul  2 19:59:09 daveti-ThinkCentre-M58e kernel: [    0.447394] pciehp 0000:00:1c.1:pcie04: service driver pciehp loaded
Jul  2 19:59:09 daveti-ThinkCentre-M58e kernel: [    0.447398] pciehp: PCI Express Hot Plug Controller Driver version: 0.4
Jul  2 19:59:09 daveti-ThinkCentre-M58e kernel: [    0.447433] vesafb: mode is 1024x768x32, linelength=4096, pages=0
Jul  2 19:59:09 daveti-ThinkCentre-M58e kernel: [    0.447434] vesafb: scrolling: redraw
Jul  2 19:59:09 daveti-ThinkCentre-M58e kernel: [    0.447436] vesafb: Truecolor: size=8:8:8:8, shift=24:16:8:0
Jul  2 19:59:09 daveti-ThinkCentre-M58e kernel: [    0.447624] vesafb: framebuffer at 0xd0000000, mapped to 0xffffc90010780000, using 3072k, total 3072k
Jul  2 19:59:09 daveti-ThinkCentre-M58e kernel: [    0.466773] Console: switching to colour frame buffer device 128x48
Jul  2 19:59:09 daveti-ThinkCentre-M58e kernel: [    0.485852] fb0: VESA VGA frame buffer device
Jul  2 19:59:09 daveti-ThinkCentre-M58e kernel: [    0.485881] intel_idle: does not run on family 6 model 23
Jul  2 19:59:09 daveti-ThinkCentre-M58e kernel: [    0.485887] ipmi message handler version 39.2
Jul  2 19:59:09 daveti-ThinkCentre-M58e kernel: [    0.485948] input: Power Button as /devices/LNXSYSTM:00/device:00/PNP0C0C:00/input/input0
Jul  2 19:59:09 daveti-ThinkCentre-M58e kernel: [    0.485952] ACPI: Power Button [PWRB]
Jul  2 19:59:09 daveti-ThinkCentre-M58e kernel: [    0.485984] input: Power Button as /devices/LNXSYSTM:00/LNXPWRBN:00/input/input1
Jul  2 19:59:09 daveti-ThinkCentre-M58e kernel: [    0.485986] ACPI: Power Button [PWRF]
Jul  2 19:59:09 daveti-ThinkCentre-M58e kernel: [    0.486078] GHES: HEST is not enabled!
Jul  2 19:59:09 daveti-ThinkCentre-M58e kernel: [    0.486145] Serial: 8250/16550 driver, 32 ports, IRQ sharing enabled
Jul  2 19:59:09 daveti-ThinkCentre-M58e kernel: [    0.506496] 00:05: ttyS0 at I/O 0x3f8 (irq = 4, base_baud = 115200) is a 16550A
Jul  2 19:59:09 daveti-ThinkCentre-M58e kernel: [    0.507615] Linux agpgart interface v0.103
Jul  2 19:59:09 daveti-ThinkCentre-M58e kernel: [    0.507675] agpgart-intel 0000:00:00.0: Intel G41 Chipset
Jul  2 19:59:09 daveti-ThinkCentre-M58e kernel: [    0.507717] agpgart-intel 0000:00:00.0: detected gtt size: 2097152K total, 262144K mappable
Jul  2 19:59:09 daveti-ThinkCentre-M58e kernel: [    0.509004] agpgart-intel 0000:00:00.0: detected 32768K stolen memory
Jul  2 19:59:09 daveti-ThinkCentre-M58e kernel: [    0.509115] agpgart-intel 0000:00:00.0: AGP aperture is 256M @ 0xd0000000
Jul  2 19:59:09 daveti-ThinkCentre-M58e kernel: [    0.510255] brd: module loaded
Jul  2 19:59:09 daveti-ThinkCentre-M58e kernel: [    0.510828] loop: module loaded
Jul  2 19:59:09 daveti-ThinkCentre-M58e kernel: [    0.510936] ata_piix 0000:00:1f.1: version 2.13
Jul  2 19:59:09 daveti-ThinkCentre-M58e kernel: [    0.511737] scsi0 : ata_piix
Jul  2 19:59:09 daveti-ThinkCentre-M58e kernel: [    0.511794] scsi1 : ata_piix
Jul  2 19:59:09 daveti-ThinkCentre-M58e kernel: [    0.511823] ata1: PATA max UDMA/100 cmd 0x1f0 ctl 0x3f6 bmdma 0xffa0 irq 14
Jul  2 19:59:09 daveti-ThinkCentre-M58e kernel: [    0.511824] ata2: PATA max UDMA/100 cmd 0x170 ctl 0x376 bmdma 0xffa8 irq 15
Jul  2 19:59:09 daveti-ThinkCentre-M58e kernel: [    0.511888] ata_piix 0000:00:1f.2: MAP [ P0 P2 P1 P3 ]
Jul  2 19:59:09 daveti-ThinkCentre-M58e kernel: [    0.512739] scsi2 : ata_piix
Jul  2 19:59:09 daveti-ThinkCentre-M58e kernel: [    0.512787] scsi3 : ata_piix
Jul  2 19:59:09 daveti-ThinkCentre-M58e kernel: [    0.512814] ata3: SATA max UDMA/133 cmd 0xd080 ctl 0xd000 bmdma 0xc800 irq 19
Jul  2 19:59:09 daveti-ThinkCentre-M58e kernel: [    0.512816] ata4: SATA max UDMA/133 cmd 0xcc00 ctl 0xc880 bmdma 0xc808 irq 19
Jul  2 19:59:09 daveti-ThinkCentre-M58e kernel: [    0.513139] libphy: Fixed MDIO Bus: probed
Jul  2 19:59:09 daveti-ThinkCentre-M58e kernel: [    0.513213] tun: Universal TUN/TAP device driver, 1.6
Jul  2 19:59:09 daveti-ThinkCentre-M58e kernel: [    0.513214] tun: (C) 1999-2004 Max Krasnyansky <maxk@qualcomm.com>
Jul  2 19:59:09 daveti-ThinkCentre-M58e kernel: [    0.513248] PPP generic driver version 2.4.2
Jul  2 19:59:09 daveti-ThinkCentre-M58e kernel: [    0.513283] ehci_hcd: USB 2.0 'Enhanced' Host Controller (EHCI) Driver
Jul  2 19:59:09 daveti-ThinkCentre-M58e kernel: [    0.513285] ehci_hcd: block sizes: qh 136 qtd 96 itd 192 sitd 96
Jul  2 19:59:09 daveti-ThinkCentre-M58e kernel: [    0.513289] ehci-pci: EHCI PCI platform driver
Jul  2 19:59:09 daveti-ThinkCentre-M58e kernel: [    0.513365] ehci-pci 0000:00:1d.7: EHCI Host Controller
Jul  2 19:59:09 daveti-ThinkCentre-M58e kernel: [    0.513371] ehci-pci 0000:00:1d.7: new USB bus registered, assigned bus number 1
Jul  2 19:59:09 daveti-ThinkCentre-M58e kernel: [    0.513382] ehci-pci 0000:00:1d.7: debug port 1
Jul  2 19:59:09 daveti-ThinkCentre-M58e kernel: [    0.513386] ehci-pci 0000:00:1d.7: reset hcs_params 0x104208 dbg=1 cc=4 pcc=2 ordered !ppc ports=8
Jul  2 19:59:09 daveti-ThinkCentre-M58e kernel: [    0.513389] ehci-pci 0000:00:1d.7: reset hcc_params 6871 thresh 7 uframes 1024 64 bit addr
Jul  2 19:59:09 daveti-ThinkCentre-M58e kernel: [    0.513405] ehci-pci 0000:00:1d.7: reset command 0080002 (park)=0 ithresh=8 period=1024 Reset HALT
Jul  2 19:59:09 daveti-ThinkCentre-M58e kernel: [    0.517276] ehci-pci 0000:00:1d.7: cache line size of 32 is not supported
Jul  2 19:59:09 daveti-ThinkCentre-M58e kernel: [    0.517278] ehci-pci 0000:00:1d.7: supports USB remote wakeup
Jul  2 19:59:09 daveti-ThinkCentre-M58e kernel: [    0.517296] ehci-pci 0000:00:1d.7: irq 23, io mem 0xfeaf7c00
Jul  2 19:59:09 daveti-ThinkCentre-M58e kernel: [    0.517301] ehci-pci 0000:00:1d.7: init command 0010001 (park)=0 ithresh=1 period=1024 RUN
Jul  2 19:59:09 daveti-ThinkCentre-M58e kernel: [    0.528016] ehci-pci 0000:00:1d.7: USB 2.0 started, EHCI 1.00
Jul  2 19:59:09 daveti-ThinkCentre-M58e kernel: [    0.528043] daveti2: into usb_new_device
Jul  2 19:59:09 daveti-ThinkCentre-M58e kernel: [    0.528046] daveti2: into usb_enumerate_device
Jul  2 19:59:09 daveti-ThinkCentre-M58e kernel: [    0.528047] daveti2: into usb_get_configuration()
Jul  2 19:59:09 daveti-ThinkCentre-M58e kernel: [    0.528058] daveti2: into usb_parse_configuration()
Jul  2 19:59:09 daveti-ThinkCentre-M58e kernel: [    0.528068] usb usb1: default language 0x0409
Jul  2 19:59:09 daveti-ThinkCentre-M58e kernel: [    0.528086] usb usb1: udev 1, busnum 1, minor = 0
Jul  2 19:59:09 daveti-ThinkCentre-M58e kernel: [    0.528088] daveti2: announce_device start
Jul  2 19:59:09 daveti-ThinkCentre-M58e kernel: [    0.528091] usb usb1: New USB device found, idVendor=1d6b, idProduct=0002
Jul  2 19:59:09 daveti-ThinkCentre-M58e kernel: [    0.528094] usb usb1: New USB device strings: Mfr=3, Product=2, SerialNumber=1
Jul  2 19:59:09 daveti-ThinkCentre-M58e kernel: [    0.528096] usb usb1: Product: EHCI Host Controller
Jul  2 19:59:09 daveti-ThinkCentre-M58e kernel: [    0.528099] usb usb1: Manufacturer: Linux 3.13.0-29-generic ehci_hcd
Jul  2 19:59:09 daveti-ThinkCentre-M58e kernel: [    0.528101] usb usb1: SerialNumber: 0000:00:1d.7
Jul  2 19:59:09 daveti-ThinkCentre-M58e kernel: [    0.528103] daveti2: announce_device done
Jul  2 19:59:09 daveti-ThinkCentre-M58e kernel: [    0.528178] usb usb1: usb_probe_device
Jul  2 19:59:09 daveti-ThinkCentre-M58e kernel: [    0.528182] usb usb1: configuration #1 chosen from 1 choice
Jul  2 19:59:09 daveti-ThinkCentre-M58e kernel: [    0.528201] usb usb1: adding 1-0:1.0 (config #1, interface 0)
Jul  2 19:59:09 daveti-ThinkCentre-M58e kernel: [    0.528218] hub 1-0:1.0: usb_probe_interface
Jul  2 19:59:09 daveti-ThinkCentre-M58e kernel: [    0.528220] hub 1-0:1.0: usb_probe_interface - got id
Jul  2 19:59:09 daveti-ThinkCentre-M58e kernel: [    0.528222] hub 1-0:1.0: USB hub found
Jul  2 19:59:09 daveti-ThinkCentre-M58e kernel: [    0.528229] hub 1-0:1.0: 8 ports detected
Jul  2 19:59:09 daveti-ThinkCentre-M58e kernel: [    0.528231] hub 1-0:1.0: standalone hub
Jul  2 19:59:09 daveti-ThinkCentre-M58e kernel: [    0.528233] hub 1-0:1.0: no power switching (usb 1.0)
Jul  2 19:59:09 daveti-ThinkCentre-M58e kernel: [    0.528234] hub 1-0:1.0: individual port over-current protection
Jul  2 19:59:09 daveti-ThinkCentre-M58e kernel: [    0.528236] hub 1-0:1.0: power on to power good time: 20ms
Jul  2 19:59:09 daveti-ThinkCentre-M58e kernel: [    0.528244] hub 1-0:1.0: local power source is good
Jul  2 19:59:09 daveti-ThinkCentre-M58e kernel: [    0.528306] hub 1-0:1.0: trying to enable port power on non-switchable hub
Jul  2 19:59:09 daveti-ThinkCentre-M58e kernel: [    0.528352] daveti22: device_add() done
Jul  2 19:59:09 daveti-ThinkCentre-M58e kernel: [    0.528361] daveti2: end usb_new_device
Jul  2 19:59:09 daveti-ThinkCentre-M58e kernel: [    0.528372] ehci-platform: EHCI generic platform driver
Jul  2 19:59:09 daveti-ThinkCentre-M58e kernel: [    0.528381] ohci_hcd: USB 1.1 'Open' Host Controller (OHCI) Driver
Jul  2 19:59:09 daveti-ThinkCentre-M58e kernel: [    0.528383] ohci_hcd: block sizes: ed 80 td 96
Jul  2 19:59:09 daveti-ThinkCentre-M58e kernel: [    0.528386] ohci-pci: OHCI PCI platform driver
Jul  2 19:59:09 daveti-ThinkCentre-M58e kernel: [    0.528394] ohci-platform: OHCI generic platform driver
Jul  2 19:59:09 daveti-ThinkCentre-M58e kernel: [    0.528399] uhci_hcd: USB Universal Host Controller Interface driver
Jul  2 19:59:09 daveti-ThinkCentre-M58e kernel: [    0.528461] uhci_hcd 0000:00:1d.0: UHCI Host Controller
Jul  2 19:59:09 daveti-ThinkCentre-M58e kernel: [    0.528465] uhci_hcd 0000:00:1d.0: new USB bus registered, assigned bus number 2
Jul  2 19:59:09 daveti-ThinkCentre-M58e kernel: [    0.528471] uhci_hcd 0000:00:1d.0: detected 2 ports
Jul  2 19:59:09 daveti-ThinkCentre-M58e kernel: [    0.528475] uhci_hcd 0000:00:1d.0: uhci_check_and_reset_hc: cmd = 0x0000
Jul  2 19:59:09 daveti-ThinkCentre-M58e kernel: [    0.528476] uhci_hcd 0000:00:1d.0: Performing full reset
Jul  2 19:59:09 daveti-ThinkCentre-M58e kernel: [    0.528488] uhci_hcd 0000:00:1d.0: supports USB remote wakeup
Jul  2 19:59:09 daveti-ThinkCentre-M58e kernel: [    0.528492] uhci_hcd 0000:00:1d.0: irq 23, io base 0x0000d880
Jul  2 19:59:09 daveti-ThinkCentre-M58e kernel: [    0.528515] daveti2: into usb_new_device
Jul  2 19:59:09 daveti-ThinkCentre-M58e kernel: [    0.528516] daveti2: into usb_enumerate_device
Jul  2 19:59:09 daveti-ThinkCentre-M58e kernel: [    0.528517] daveti2: into usb_get_configuration()
Jul  2 19:59:09 daveti-ThinkCentre-M58e kernel: [    0.528524] daveti2: into usb_parse_configuration()
Jul  2 19:59:09 daveti-ThinkCentre-M58e kernel: [    0.528530] usb usb2: default language 0x0409
Jul  2 19:59:09 daveti-ThinkCentre-M58e kernel: [    0.528542] usb usb2: udev 1, busnum 2, minor = 128
Jul  2 19:59:09 daveti-ThinkCentre-M58e kernel: [    0.528543] daveti2: announce_device start
Jul  2 19:59:09 daveti-ThinkCentre-M58e kernel: [    0.528545] usb usb2: New USB device found, idVendor=1d6b, idProduct=0001
Jul  2 19:59:09 daveti-ThinkCentre-M58e kernel: [    0.528547] usb usb2: New USB device strings: Mfr=3, Product=2, SerialNumber=1
Jul  2 19:59:09 daveti-ThinkCentre-M58e kernel: [    0.528548] usb usb2: Product: UHCI Host Controller
Jul  2 19:59:09 daveti-ThinkCentre-M58e kernel: [    0.528550] usb usb2: Manufacturer: Linux 3.13.0-29-generic uhci_hcd
Jul  2 19:59:09 daveti-ThinkCentre-M58e kernel: [    0.528552] usb usb2: SerialNumber: 0000:00:1d.0
Jul  2 19:59:09 daveti-ThinkCentre-M58e kernel: [    0.528553] daveti2: announce_device done
Jul  2 19:59:09 daveti-ThinkCentre-M58e kernel: [    0.528601] usb usb2: usb_probe_device
Jul  2 19:59:09 daveti-ThinkCentre-M58e kernel: [    0.528603] usb usb2: configuration #1 chosen from 1 choice
Jul  2 19:59:09 daveti-ThinkCentre-M58e kernel: [    0.528612] usb usb2: adding 2-0:1.0 (config #1, interface 0)
Jul  2 19:59:09 daveti-ThinkCentre-M58e kernel: [    0.528626] hub 2-0:1.0: usb_probe_interface
Jul  2 19:59:09 daveti-ThinkCentre-M58e kernel: [    0.528628] hub 2-0:1.0: usb_probe_interface - got id
Jul  2 19:59:09 daveti-ThinkCentre-M58e kernel: [    0.528630] hub 2-0:1.0: USB hub found
Jul  2 19:59:09 daveti-ThinkCentre-M58e kernel: [    0.528636] hub 2-0:1.0: 2 ports detected
Jul  2 19:59:09 daveti-ThinkCentre-M58e kernel: [    0.528638] hub 2-0:1.0: standalone hub
Jul  2 19:59:09 daveti-ThinkCentre-M58e kernel: [    0.528639] hub 2-0:1.0: no power switching (usb 1.0)
Jul  2 19:59:09 daveti-ThinkCentre-M58e kernel: [    0.528641] hub 2-0:1.0: individual port over-current protection
Jul  2 19:59:09 daveti-ThinkCentre-M58e kernel: [    0.528642] hub 2-0:1.0: power on to power good time: 2ms
Jul  2 19:59:09 daveti-ThinkCentre-M58e kernel: [    0.528650] hub 2-0:1.0: local power source is good
Jul  2 19:59:09 daveti-ThinkCentre-M58e kernel: [    0.528668] hub 2-0:1.0: trying to enable port power on non-switchable hub
Jul  2 19:59:09 daveti-ThinkCentre-M58e kernel: [    0.528687] daveti22: device_add() done
Jul  2 19:59:09 daveti-ThinkCentre-M58e kernel: [    0.528696] daveti2: end usb_new_device
Jul  2 19:59:09 daveti-ThinkCentre-M58e kernel: [    0.528708] uhci_hcd 0000:00:1d.0: FS/LS companion for 0000:00:1d.7
Jul  2 19:59:09 daveti-ThinkCentre-M58e kernel: [    0.528765] uhci_hcd 0000:00:1d.1: UHCI Host Controller
Jul  2 19:59:09 daveti-ThinkCentre-M58e kernel: [    0.528769] uhci_hcd 0000:00:1d.1: new USB bus registered, assigned bus number 3
Jul  2 19:59:09 daveti-ThinkCentre-M58e kernel: [    0.528774] uhci_hcd 0000:00:1d.1: detected 2 ports
Jul  2 19:59:09 daveti-ThinkCentre-M58e kernel: [    0.528778] uhci_hcd 0000:00:1d.1: uhci_check_and_reset_hc: cmd = 0x0000
Jul  2 19:59:09 daveti-ThinkCentre-M58e kernel: [    0.528780] uhci_hcd 0000:00:1d.1: Performing full reset
Jul  2 19:59:09 daveti-ThinkCentre-M58e kernel: [    0.528791] uhci_hcd 0000:00:1d.1: supports USB remote wakeup
Jul  2 19:59:09 daveti-ThinkCentre-M58e kernel: [    0.528795] uhci_hcd 0000:00:1d.1: irq 19, io base 0x0000d800
Jul  2 19:59:09 daveti-ThinkCentre-M58e kernel: [    0.528818] daveti2: into usb_new_device
Jul  2 19:59:09 daveti-ThinkCentre-M58e kernel: [    0.528820] daveti2: into usb_enumerate_device
Jul  2 19:59:09 daveti-ThinkCentre-M58e kernel: [    0.528821] daveti2: into usb_get_configuration()
Jul  2 19:59:09 daveti-ThinkCentre-M58e kernel: [    0.528828] daveti2: into usb_parse_configuration()
Jul  2 19:59:09 daveti-ThinkCentre-M58e kernel: [    0.528833] usb usb3: default language 0x0409
Jul  2 19:59:09 daveti-ThinkCentre-M58e kernel: [    0.528845] usb usb3: udev 1, busnum 3, minor = 256
Jul  2 19:59:09 daveti-ThinkCentre-M58e kernel: [    0.528846] daveti2: announce_device start
Jul  2 19:59:09 daveti-ThinkCentre-M58e kernel: [    0.528848] usb usb3: New USB device found, idVendor=1d6b, idProduct=0001
Jul  2 19:59:09 daveti-ThinkCentre-M58e kernel: [    0.528850] usb usb3: New USB device strings: Mfr=3, Product=2, SerialNumber=1
Jul  2 19:59:09 daveti-ThinkCentre-M58e kernel: [    0.528851] usb usb3: Product: UHCI Host Controller
Jul  2 19:59:09 daveti-ThinkCentre-M58e kernel: [    0.528853] usb usb3: Manufacturer: Linux 3.13.0-29-generic uhci_hcd
Jul  2 19:59:09 daveti-ThinkCentre-M58e kernel: [    0.528855] usb usb3: SerialNumber: 0000:00:1d.1
Jul  2 19:59:09 daveti-ThinkCentre-M58e kernel: [    0.528856] daveti2: announce_device done
Jul  2 19:59:09 daveti-ThinkCentre-M58e kernel: [    0.528903] usb usb3: usb_probe_device
Jul  2 19:59:09 daveti-ThinkCentre-M58e kernel: [    0.528906] usb usb3: configuration #1 chosen from 1 choice
Jul  2 19:59:09 daveti-ThinkCentre-M58e kernel: [    0.528913] usb usb3: adding 3-0:1.0 (config #1, interface 0)
Jul  2 19:59:09 daveti-ThinkCentre-M58e kernel: [    0.528928] hub 3-0:1.0: usb_probe_interface
Jul  2 19:59:09 daveti-ThinkCentre-M58e kernel: [    0.528929] hub 3-0:1.0: usb_probe_interface - got id
Jul  2 19:59:09 daveti-ThinkCentre-M58e kernel: [    0.528931] hub 3-0:1.0: USB hub found
Jul  2 19:59:09 daveti-ThinkCentre-M58e kernel: [    0.528937] hub 3-0:1.0: 2 ports detected
Jul  2 19:59:09 daveti-ThinkCentre-M58e kernel: [    0.528939] hub 3-0:1.0: standalone hub
Jul  2 19:59:09 daveti-ThinkCentre-M58e kernel: [    0.528941] hub 3-0:1.0: no power switching (usb 1.0)
Jul  2 19:59:09 daveti-ThinkCentre-M58e kernel: [    0.528942] hub 3-0:1.0: individual port over-current protection
Jul  2 19:59:09 daveti-ThinkCentre-M58e kernel: [    0.528944] hub 3-0:1.0: power on to power good time: 2ms
Jul  2 19:59:09 daveti-ThinkCentre-M58e kernel: [    0.528951] hub 3-0:1.0: local power source is good
Jul  2 19:59:09 daveti-ThinkCentre-M58e kernel: [    0.528969] hub 3-0:1.0: trying to enable port power on non-switchable hub
Jul  2 19:59:09 daveti-ThinkCentre-M58e kernel: [    0.528989] daveti22: device_add() done
Jul  2 19:59:09 daveti-ThinkCentre-M58e kernel: [    0.528998] daveti2: end usb_new_device
Jul  2 19:59:09 daveti-ThinkCentre-M58e kernel: [    0.529009] uhci_hcd 0000:00:1d.1: FS/LS companion for 0000:00:1d.7
Jul  2 19:59:09 daveti-ThinkCentre-M58e kernel: [    0.529069] uhci_hcd 0000:00:1d.2: UHCI Host Controller
Jul  2 19:59:09 daveti-ThinkCentre-M58e kernel: [    0.529073] uhci_hcd 0000:00:1d.2: new USB bus registered, assigned bus number 4
Jul  2 19:59:09 daveti-ThinkCentre-M58e kernel: [    0.529078] uhci_hcd 0000:00:1d.2: detected 2 ports
Jul  2 19:59:09 daveti-ThinkCentre-M58e kernel: [    0.529082] uhci_hcd 0000:00:1d.2: uhci_check_and_reset_hc: cmd = 0x0000
Jul  2 19:59:09 daveti-ThinkCentre-M58e kernel: [    0.529083] uhci_hcd 0000:00:1d.2: Performing full reset
Jul  2 19:59:09 daveti-ThinkCentre-M58e kernel: [    0.529095] uhci_hcd 0000:00:1d.2: supports USB remote wakeup
Jul  2 19:59:09 daveti-ThinkCentre-M58e kernel: [    0.529107] uhci_hcd 0000:00:1d.2: irq 18, io base 0x0000d480
Jul  2 19:59:09 daveti-ThinkCentre-M58e kernel: [    0.529129] daveti2: into usb_new_device
Jul  2 19:59:09 daveti-ThinkCentre-M58e kernel: [    0.529130] daveti2: into usb_enumerate_device
Jul  2 19:59:09 daveti-ThinkCentre-M58e kernel: [    0.529131] daveti2: into usb_get_configuration()
Jul  2 19:59:09 daveti-ThinkCentre-M58e kernel: [    0.529138] daveti2: into usb_parse_configuration()
Jul  2 19:59:09 daveti-ThinkCentre-M58e kernel: [    0.529144] usb usb4: default language 0x0409
Jul  2 19:59:09 daveti-ThinkCentre-M58e kernel: [    0.529155] usb usb4: udev 1, busnum 4, minor = 384
Jul  2 19:59:09 daveti-ThinkCentre-M58e kernel: [    0.529156] daveti2: announce_device start
Jul  2 19:59:09 daveti-ThinkCentre-M58e kernel: [    0.529158] usb usb4: New USB device found, idVendor=1d6b, idProduct=0001
Jul  2 19:59:09 daveti-ThinkCentre-M58e kernel: [    0.529160] usb usb4: New USB device strings: Mfr=3, Product=2, SerialNumber=1
Jul  2 19:59:09 daveti-ThinkCentre-M58e kernel: [    0.529162] usb usb4: Product: UHCI Host Controller
Jul  2 19:59:09 daveti-ThinkCentre-M58e kernel: [    0.529164] usb usb4: Manufacturer: Linux 3.13.0-29-generic uhci_hcd
Jul  2 19:59:09 daveti-ThinkCentre-M58e kernel: [    0.529165] usb usb4: SerialNumber: 0000:00:1d.2
Jul  2 19:59:09 daveti-ThinkCentre-M58e kernel: [    0.529166] daveti2: announce_device done
Jul  2 19:59:09 daveti-ThinkCentre-M58e kernel: [    0.529213] usb usb4: usb_probe_device
Jul  2 19:59:09 daveti-ThinkCentre-M58e kernel: [    0.529215] usb usb4: configuration #1 chosen from 1 choice
Jul  2 19:59:09 daveti-ThinkCentre-M58e kernel: [    0.529223] usb usb4: adding 4-0:1.0 (config #1, interface 0)
Jul  2 19:59:09 daveti-ThinkCentre-M58e kernel: [    0.529239] hub 4-0:1.0: usb_probe_interface
Jul  2 19:59:09 daveti-ThinkCentre-M58e kernel: [    0.529240] hub 4-0:1.0: usb_probe_interface - got id
Jul  2 19:59:09 daveti-ThinkCentre-M58e kernel: [    0.529242] hub 4-0:1.0: USB hub found
Jul  2 19:59:09 daveti-ThinkCentre-M58e kernel: [    0.529248] hub 4-0:1.0: 2 ports detected
Jul  2 19:59:09 daveti-ThinkCentre-M58e kernel: [    0.529250] hub 4-0:1.0: standalone hub
Jul  2 19:59:09 daveti-ThinkCentre-M58e kernel: [    0.529252] hub 4-0:1.0: no power switching (usb 1.0)
Jul  2 19:59:09 daveti-ThinkCentre-M58e kernel: [    0.529253] hub 4-0:1.0: individual port over-current protection
Jul  2 19:59:09 daveti-ThinkCentre-M58e kernel: [    0.529255] hub 4-0:1.0: power on to power good time: 2ms
Jul  2 19:59:09 daveti-ThinkCentre-M58e kernel: [    0.529262] hub 4-0:1.0: local power source is good
Jul  2 19:59:09 daveti-ThinkCentre-M58e kernel: [    0.529286] hub 4-0:1.0: trying to enable port power on non-switchable hub
Jul  2 19:59:09 daveti-ThinkCentre-M58e kernel: [    0.529303] daveti22: device_add() done
Jul  2 19:59:09 daveti-ThinkCentre-M58e kernel: [    0.529316] daveti2: end usb_new_device
Jul  2 19:59:09 daveti-ThinkCentre-M58e kernel: [    0.529327] uhci_hcd 0000:00:1d.2: FS/LS companion for 0000:00:1d.7
Jul  2 19:59:09 daveti-ThinkCentre-M58e kernel: [    0.529383] uhci_hcd 0000:00:1d.3: UHCI Host Controller
Jul  2 19:59:09 daveti-ThinkCentre-M58e kernel: [    0.529388] uhci_hcd 0000:00:1d.3: new USB bus registered, assigned bus number 5
Jul  2 19:59:09 daveti-ThinkCentre-M58e kernel: [    0.529392] uhci_hcd 0000:00:1d.3: detected 2 ports
Jul  2 19:59:09 daveti-ThinkCentre-M58e kernel: [    0.529396] uhci_hcd 0000:00:1d.3: uhci_check_and_reset_hc: cmd = 0x0000
Jul  2 19:59:09 daveti-ThinkCentre-M58e kernel: [    0.529398] uhci_hcd 0000:00:1d.3: Performing full reset
Jul  2 19:59:09 daveti-ThinkCentre-M58e kernel: [    0.529409] uhci_hcd 0000:00:1d.3: supports USB remote wakeup
Jul  2 19:59:09 daveti-ThinkCentre-M58e kernel: [    0.529420] uhci_hcd 0000:00:1d.3: irq 16, io base 0x0000d400
Jul  2 19:59:09 daveti-ThinkCentre-M58e kernel: [    0.529446] daveti2: into usb_new_device
Jul  2 19:59:09 daveti-ThinkCentre-M58e kernel: [    0.529447] daveti2: into usb_enumerate_device
Jul  2 19:59:09 daveti-ThinkCentre-M58e kernel: [    0.529448] daveti2: into usb_get_configuration()
Jul  2 19:59:09 daveti-ThinkCentre-M58e kernel: [    0.529455] daveti2: into usb_parse_configuration()
Jul  2 19:59:09 daveti-ThinkCentre-M58e kernel: [    0.529461] usb usb5: default language 0x0409
Jul  2 19:59:09 daveti-ThinkCentre-M58e kernel: [    0.529472] usb usb5: udev 1, busnum 5, minor = 512
Jul  2 19:59:09 daveti-ThinkCentre-M58e kernel: [    0.529473] daveti2: announce_device start
Jul  2 19:59:09 daveti-ThinkCentre-M58e kernel: [    0.529475] usb usb5: New USB device found, idVendor=1d6b, idProduct=0001
Jul  2 19:59:09 daveti-ThinkCentre-M58e kernel: [    0.529477] usb usb5: New USB device strings: Mfr=3, Product=2, SerialNumber=1
Jul  2 19:59:09 daveti-ThinkCentre-M58e kernel: [    0.529479] usb usb5: Product: UHCI Host Controller
Jul  2 19:59:09 daveti-ThinkCentre-M58e kernel: [    0.529481] usb usb5: Manufacturer: Linux 3.13.0-29-generic uhci_hcd
Jul  2 19:59:09 daveti-ThinkCentre-M58e kernel: [    0.529482] usb usb5: SerialNumber: 0000:00:1d.3
Jul  2 19:59:09 daveti-ThinkCentre-M58e kernel: [    0.529483] daveti2: announce_device done
Jul  2 19:59:09 daveti-ThinkCentre-M58e kernel: [    0.529530] usb usb5: usb_probe_device
Jul  2 19:59:09 daveti-ThinkCentre-M58e kernel: [    0.529533] usb usb5: configuration #1 chosen from 1 choice
Jul  2 19:59:09 daveti-ThinkCentre-M58e kernel: [    0.529541] usb usb5: adding 5-0:1.0 (config #1, interface 0)
Jul  2 19:59:09 daveti-ThinkCentre-M58e kernel: [    0.529555] hub 5-0:1.0: usb_probe_interface
Jul  2 19:59:09 daveti-ThinkCentre-M58e kernel: [    0.529556] hub 5-0:1.0: usb_probe_interface - got id
Jul  2 19:59:09 daveti-ThinkCentre-M58e kernel: [    0.529558] hub 5-0:1.0: USB hub found
Jul  2 19:59:09 daveti-ThinkCentre-M58e kernel: [    0.529564] hub 5-0:1.0: 2 ports detected
Jul  2 19:59:09 daveti-ThinkCentre-M58e kernel: [    0.529566] hub 5-0:1.0: standalone hub
Jul  2 19:59:09 daveti-ThinkCentre-M58e kernel: [    0.529567] hub 5-0:1.0: no power switching (usb 1.0)
Jul  2 19:59:09 daveti-ThinkCentre-M58e kernel: [    0.529569] hub 5-0:1.0: individual port over-current protection
Jul  2 19:59:09 daveti-ThinkCentre-M58e kernel: [    0.529570] hub 5-0:1.0: power on to power good time: 2ms
Jul  2 19:59:09 daveti-ThinkCentre-M58e kernel: [    0.529578] hub 5-0:1.0: local power source is good
Jul  2 19:59:09 daveti-ThinkCentre-M58e kernel: [    0.529596] hub 5-0:1.0: trying to enable port power on non-switchable hub
Jul  2 19:59:09 daveti-ThinkCentre-M58e kernel: [    0.529614] daveti22: device_add() done
Jul  2 19:59:09 daveti-ThinkCentre-M58e kernel: [    0.529624] daveti2: end usb_new_device
Jul  2 19:59:09 daveti-ThinkCentre-M58e kernel: [    0.529635] uhci_hcd 0000:00:1d.3: FS/LS companion for 0000:00:1d.7
Jul  2 19:59:09 daveti-ThinkCentre-M58e kernel: [    0.529681] i8042: PNP: No PS/2 controller found. Probing ports directly.
Jul  2 19:59:09 daveti-ThinkCentre-M58e kernel: [    0.532313] serio: i8042 KBD port at 0x60,0x64 irq 1
Jul  2 19:59:09 daveti-ThinkCentre-M58e kernel: [    0.532317] serio: i8042 AUX port at 0x60,0x64 irq 12
Jul  2 19:59:09 daveti-ThinkCentre-M58e kernel: [    0.532405] mousedev: PS/2 mouse device common for all mice
Jul  2 19:59:09 daveti-ThinkCentre-M58e kernel: [    0.532511] rtc_cmos 00:02: RTC can wake from S4
Jul  2 19:59:09 daveti-ThinkCentre-M58e kernel: [    0.532605] rtc_cmos 00:02: rtc core: registered rtc_cmos as rtc0
Jul  2 19:59:09 daveti-ThinkCentre-M58e kernel: [    0.532625] rtc_cmos 00:02: alarms up to one month, y3k, 114 bytes nvram, hpet irqs
Jul  2 19:59:09 daveti-ThinkCentre-M58e kernel: [    0.532677] device-mapper: uevent: version 1.0.3
Jul  2 19:59:09 daveti-ThinkCentre-M58e kernel: [    0.532726] device-mapper: ioctl: 4.27.0-ioctl (2013-10-30) initialised: dm-devel@redhat.com
Jul  2 19:59:09 daveti-ThinkCentre-M58e kernel: [    0.532732] ledtrig-cpu: registered to indicate activity on CPUs
Jul  2 19:59:09 daveti-ThinkCentre-M58e kernel: [    0.532814] TCP: cubic registered
Jul  2 19:59:09 daveti-ThinkCentre-M58e kernel: [    0.532891] NET: Registered protocol family 10
Jul  2 19:59:09 daveti-ThinkCentre-M58e kernel: [    0.533036] NET: Registered protocol family 17
Jul  2 19:59:09 daveti-ThinkCentre-M58e kernel: [    0.533045] Key type dns_resolver registered
Jul  2 19:59:09 daveti-ThinkCentre-M58e kernel: [    0.533207] Loading compiled-in X.509 certificates
Jul  2 19:59:09 daveti-ThinkCentre-M58e kernel: [    0.534089] Loaded X.509 cert 'Magrathea: Glacier signing key: a76f4b394ace5d5d1dce42c88915cf77957d474e'
Jul  2 19:59:09 daveti-ThinkCentre-M58e kernel: [    0.534101] registered taskstats version 1
Jul  2 19:59:09 daveti-ThinkCentre-M58e kernel: [    0.536250] Key type trusted registered
Jul  2 19:59:09 daveti-ThinkCentre-M58e kernel: [    0.537947] Key type encrypted registered
Jul  2 19:59:09 daveti-ThinkCentre-M58e kernel: [    0.539595] AppArmor: AppArmor sha1 policy hashing enabled
Jul  2 19:59:09 daveti-ThinkCentre-M58e kernel: [    0.539598] IMA: No TPM chip found, activating TPM-bypass!
Jul  2 19:59:09 daveti-ThinkCentre-M58e kernel: [    0.539755] regulator-dummy: disabling
Jul  2 19:59:09 daveti-ThinkCentre-M58e kernel: [    0.539788]   Magic number: 6:880:964
Jul  2 19:59:09 daveti-ThinkCentre-M58e kernel: [    0.539848] memory memory15: hash matches
Jul  2 19:59:09 daveti-ThinkCentre-M58e kernel: [    0.539874] rtc_cmos 00:02: setting system clock to 2014-07-03 02:58:55 UTC (1404356335)
Jul  2 19:59:09 daveti-ThinkCentre-M58e kernel: [    0.540185] BIOS EDD facility v0.16 2004-Jun-25, 0 devices found
Jul  2 19:59:09 daveti-ThinkCentre-M58e kernel: [    0.540186] EDD information not available.
Jul  2 19:59:09 daveti-ThinkCentre-M58e kernel: [    0.540208] PM: Hibernation image not present or could not be loaded.
Jul  2 19:59:09 daveti-ThinkCentre-M58e kernel: [    0.628089] hub 2-0:1.0: state 7 ports 2 chg 0000 evt 0000
Jul  2 19:59:09 daveti-ThinkCentre-M58e kernel: [    0.628090] ehci-pci 0000:00:1d.7: GetStatus port:6 status 001803 0  ACK POWER sig=j CSC CONNECT
Jul  2 19:59:09 daveti-ThinkCentre-M58e kernel: [    0.628099] hub 1-0:1.0: port 6: status 0501 change 0001
Jul  2 19:59:09 daveti-ThinkCentre-M58e kernel: [    0.628102] hub 2-0:1.0: hub_suspend
Jul  2 19:59:09 daveti-ThinkCentre-M58e kernel: [    0.628113] usb usb2: bus auto-suspend, wakeup 1
Jul  2 19:59:09 daveti-ThinkCentre-M58e kernel: [    0.628117] usb usb2: suspend_rh
Jul  2 19:59:09 daveti-ThinkCentre-M58e kernel: [    0.628158] hub 3-0:1.0: state 7 ports 2 chg 0000 evt 0000
Jul  2 19:59:09 daveti-ThinkCentre-M58e kernel: [    0.628166] hub 3-0:1.0: hub_suspend
Jul  2 19:59:09 daveti-ThinkCentre-M58e kernel: [    0.628175] usb usb3: bus auto-suspend, wakeup 1
Jul  2 19:59:09 daveti-ThinkCentre-M58e kernel: [    0.628178] usb usb3: suspend_rh
Jul  2 19:59:09 daveti-ThinkCentre-M58e kernel: [    0.628183] uhci_hcd 0000:00:1d.2: port 2 portsc 008a,00
Jul  2 19:59:09 daveti-ThinkCentre-M58e kernel: [    0.628200] hub 5-0:1.0: state 7 ports 2 chg 0000 evt 0000
Jul  2 19:59:09 daveti-ThinkCentre-M58e kernel: [    0.628205] hub 5-0:1.0: hub_suspend
Jul  2 19:59:09 daveti-ThinkCentre-M58e kernel: [    0.628210] usb usb5: bus auto-suspend, wakeup 1
Jul  2 19:59:09 daveti-ThinkCentre-M58e kernel: [    0.628212] usb usb5: suspend_rh
Jul  2 19:59:09 daveti-ThinkCentre-M58e kernel: [    0.704123] ata3.00: ATA-7: ST3160815AS, 3.CHH, max UDMA/100
Jul  2 19:59:09 daveti-ThinkCentre-M58e kernel: [    0.704126] ata3.00: 312581808 sectors, multi 16: LBA48 NCQ (depth 0/32)
Jul  2 19:59:09 daveti-ThinkCentre-M58e kernel: [    0.704131] ata3.01: ATAPI: ATAPI   DVD A  DH16AAS, JL35, max UDMA/100
Jul  2 19:59:09 daveti-ThinkCentre-M58e kernel: [    0.720123] ata3.00: configured for UDMA/100
Jul  2 19:59:09 daveti-ThinkCentre-M58e kernel: [    0.728024] hub 1-0:1.0: state 7 ports 8 chg 0040 evt 0000
Jul  2 19:59:09 daveti-ThinkCentre-M58e kernel: [    0.728035] daveti2: into hub_port_connect_change
Jul  2 19:59:09 daveti-ThinkCentre-M58e kernel: [    0.728038] hub 1-0:1.0: port 6, status 0501, change 0000, 480 Mb/s
Jul  2 19:59:09 daveti-ThinkCentre-M58e kernel: [    0.736121] ata3.01: configured for UDMA/100
Jul  2 19:59:09 daveti-ThinkCentre-M58e kernel: [    0.736935] scsi 2:0:0:0: Direct-Access     ATA      ST3160815AS      3.CH PQ: 0 ANSI: 5
Jul  2 19:59:09 daveti-ThinkCentre-M58e kernel: [    0.737048] sd 2:0:0:0: [sda] 312581808 512-byte logical blocks: (160 GB/149 GiB)
Jul  2 19:59:09 daveti-ThinkCentre-M58e kernel: [    0.737069] sd 2:0:0:0: Attached scsi generic sg0 type 0
Jul  2 19:59:09 daveti-ThinkCentre-M58e kernel: [    0.737105] sd 2:0:0:0: [sda] Write Protect is off
Jul  2 19:59:09 daveti-ThinkCentre-M58e kernel: [    0.737108] sd 2:0:0:0: [sda] Mode Sense: 00 3a 00 00
Jul  2 19:59:09 daveti-ThinkCentre-M58e kernel: [    0.737124] sd 2:0:0:0: [sda] Write cache: enabled, read cache: enabled, doesn't support DPO or FUA
Jul  2 19:59:09 daveti-ThinkCentre-M58e kernel: [    0.738160] scsi 2:0:1:0: CD-ROM            ATAPI    DVD A  DH16AAS   JL35 PQ: 0 ANSI: 5
Jul  2 19:59:09 daveti-ThinkCentre-M58e kernel: [    0.756649] sr0: scsi3-mmc drive: 40x/40x writer dvd-ram cd/rw xa/form2 cdda tray
Jul  2 19:59:09 daveti-ThinkCentre-M58e kernel: [    0.756652] cdrom: Uniform CD-ROM driver Revision: 3.20
Jul  2 19:59:09 daveti-ThinkCentre-M58e kernel: [    0.756741] sr 2:0:1:0: Attached scsi CD-ROM sr0
Jul  2 19:59:09 daveti-ThinkCentre-M58e kernel: [    0.756797] sr 2:0:1:0: Attached scsi generic sg1 type 5
Jul  2 19:59:09 daveti-ThinkCentre-M58e kernel: [    0.781930]  sda: sda1 sda2 < sda5 >
Jul  2 19:59:09 daveti-ThinkCentre-M58e kernel: [    0.783937] sd 2:0:0:0: [sda] Attached SCSI disk
Jul  2 19:59:09 daveti-ThinkCentre-M58e kernel: [    0.784202] ehci-pci 0000:00:1d.7: port 6 full speed --> companion
Jul  2 19:59:09 daveti-ThinkCentre-M58e kernel: [    0.784205] ehci-pci 0000:00:1d.7: GetStatus port:6 status 003801 0  ACK POWER OWNER sig=j CONNECT
Jul  2 19:59:09 daveti-ThinkCentre-M58e kernel: [    0.784212] hub 1-0:1.0: port_wait_reset: err = -16
Jul  2 19:59:09 daveti-ThinkCentre-M58e kernel: [    0.784214] hub 1-0:1.0: port 6 not enabled, trying reset again...
Jul  2 19:59:09 daveti-ThinkCentre-M58e kernel: [    0.785202] Freeing unused kernel memory: 1336K (ffffffff81d1f000 - ffffffff81e6d000)
Jul  2 19:59:09 daveti-ThinkCentre-M58e kernel: [    0.785204] Write protecting the kernel read-only data: 12288k
Jul  2 19:59:09 daveti-ThinkCentre-M58e kernel: [    0.787216] Freeing unused kernel memory: 812K (ffff880001735000 - ffff880001800000)
Jul  2 19:59:09 daveti-ThinkCentre-M58e kernel: [    0.788862] Freeing unused kernel memory: 696K (ffff880001b52000 - ffff880001c00000)
Jul  2 19:59:09 daveti-ThinkCentre-M58e kernel: [    0.822544] sky2: driver version 1.30
Jul  2 19:59:09 daveti-ThinkCentre-M58e kernel: [    0.822657] sky2 0000:02:00.0: Yukon-2 UL 2 chip revision 0
Jul  2 19:59:09 daveti-ThinkCentre-M58e kernel: [    0.822709] sky2 0000:02:00.0: irq 42 for MSI/MSI-X
Jul  2 19:59:09 daveti-ThinkCentre-M58e kernel: [    0.822909] sky2 0000:02:00.0 eth0: addr 90:fb:a6:18:2e:33
Jul  2 19:59:09 daveti-ThinkCentre-M58e kernel: [    0.988025] ehci-pci 0000:00:1d.7: GetStatus port:6 status 003002 0  ACK POWER OWNER sig=se0 CSC
Jul  2 19:59:09 daveti-ThinkCentre-M58e kernel: [    0.988082] daveti2: end (done) hub_port_connect_change
Jul  2 19:59:09 daveti-ThinkCentre-M58e kernel: [    0.988091] hub 4-0:1.0: state 7 ports 2 chg 0000 evt 0004
Jul  2 19:59:09 daveti-ThinkCentre-M58e kernel: [    0.988099] uhci_hcd 0000:00:1d.2: port 2 portsc 0093,00
Jul  2 19:59:09 daveti-ThinkCentre-M58e kernel: [    0.988115] daveti2: into hub_port_connect_change
Jul  2 19:59:09 daveti-ThinkCentre-M58e kernel: [    0.988118] hub 4-0:1.0: port 2, status 0101, change 0001, 12 Mb/s
Jul  2 19:59:09 daveti-ThinkCentre-M58e kernel: [    1.116029] hub 4-0:1.0: debounce: port 2: total 100ms stable 100ms status 0x101
Jul  2 19:59:09 daveti-ThinkCentre-M58e kernel: [    1.228027] usb 4-2: new full-speed USB device number 2 using uhci_hcd
Jul  2 19:59:09 daveti-ThinkCentre-M58e kernel: [    1.360013] usb 4-2: ep0 maxpacket = 32
Jul  2 19:59:09 daveti-ThinkCentre-M58e kernel: [    1.372137] daveti2: into !status for usb_new_device()
Jul  2 19:59:09 daveti-ThinkCentre-M58e kernel: [    1.372139] daveti2: into usb_new_device
Jul  2 19:59:09 daveti-ThinkCentre-M58e kernel: [    1.372141] daveti2: into usb_enumerate_device
Jul  2 19:59:09 daveti-ThinkCentre-M58e kernel: [    1.372143] daveti2: into usb_get_configuration()
Jul  2 19:59:09 daveti-ThinkCentre-M58e kernel: [    1.382137] daveti2: into usb_parse_configuration()
Jul  2 19:59:09 daveti-ThinkCentre-M58e kernel: [    1.382142] usb 4-2: skipped 1 descriptor after interface
Jul  2 19:59:09 daveti-ThinkCentre-M58e kernel: [    1.382145] usb 4-2: skipped 1 descriptor after interface
Jul  2 19:59:09 daveti-ThinkCentre-M58e kernel: [    1.382148] usb 4-2: skipped 1 descriptor after interface
Jul  2 19:59:09 daveti-ThinkCentre-M58e kernel: [    1.387138] usb 4-2: default language 0x0409
Jul  2 19:59:09 daveti-ThinkCentre-M58e kernel: [    1.396923] EXT4-fs (sda1): mounted filesystem with ordered data mode. Opts: (null)
Jul  2 19:59:09 daveti-ThinkCentre-M58e kernel: [    1.398137] usb 4-2: udev 2, busnum 4, minor = 385
Jul  2 19:59:09 daveti-ThinkCentre-M58e kernel: [    1.398138] daveti2: announce_device start
Jul  2 19:59:09 daveti-ThinkCentre-M58e kernel: [    1.398141] usb 4-2: New USB device found, idVendor=413c, idProduct=2501
Jul  2 19:59:09 daveti-ThinkCentre-M58e kernel: [    1.398143] usb 4-2: New USB device strings: Mfr=1, Product=2, SerialNumber=0
Jul  2 19:59:09 daveti-ThinkCentre-M58e kernel: [    1.398145] usb 4-2: Product: Dell KM632 Wireless Keyboard and Mouse
Jul  2 19:59:09 daveti-ThinkCentre-M58e kernel: [    1.398146] usb 4-2: Manufacturer: Dell
Jul  2 19:59:09 daveti-ThinkCentre-M58e kernel: [    1.398147] daveti2: announce_device done
Jul  2 19:59:09 daveti-ThinkCentre-M58e kernel: [    1.398210] usb 4-2: usb_probe_device
Jul  2 19:59:09 daveti-ThinkCentre-M58e kernel: [    1.398213] usb 4-2: configuration #1 chosen from 1 choice
Jul  2 19:59:09 daveti-ThinkCentre-M58e kernel: [    1.401253] usb 4-2: adding 4-2:1.0 (config #1, interface 0)
Jul  2 19:59:09 daveti-ThinkCentre-M58e kernel: [    1.401286] usb 4-2: adding 4-2:1.1 (config #1, interface 1)
Jul  2 19:59:09 daveti-ThinkCentre-M58e kernel: [    1.401309] usb 4-2: adding 4-2:1.2 (config #1, interface 2)
Jul  2 19:59:09 daveti-ThinkCentre-M58e kernel: [    1.401335] daveti22: device_add() done
Jul  2 19:59:09 daveti-ThinkCentre-M58e kernel: [    1.401347] daveti2: end usb_new_device
Jul  2 19:59:09 daveti-ThinkCentre-M58e kernel: [    1.401349] daveti2: end (return) hub_port_connect_change
Jul  2 19:59:09 daveti-ThinkCentre-M58e kernel: [    1.401354] hub 1-0:1.0: state 7 ports 8 chg 0000 evt 0040
Jul  2 19:59:09 daveti-ThinkCentre-M58e kernel: [    1.401362] ehci-pci 0000:00:1d.7: GetStatus port:6 status 003002 0  ACK POWER OWNER sig=se0 CSC
Jul  2 19:59:09 daveti-ThinkCentre-M58e kernel: [    1.401378] daveti2: into hub_port_connect_change
Jul  2 19:59:09 daveti-ThinkCentre-M58e kernel: [    1.401381] hub 1-0:1.0: port 6, status 0100, change 0001, 12 Mb/s
Jul  2 19:59:09 daveti-ThinkCentre-M58e kernel: [    1.420015] tsc: Refined TSC clocksource calibration: 2992.481 MHz
Jul  2 19:59:09 daveti-ThinkCentre-M58e kernel: [    1.528031] hub 1-0:1.0: debounce: port 6: total 100ms stable 100ms status 0x100
Jul  2 19:59:09 daveti-ThinkCentre-M58e kernel: [    1.528047] hub 1-0:1.0: hub_suspend
Jul  2 19:59:09 daveti-ThinkCentre-M58e kernel: [    1.528061] usb usb1: bus auto-suspend, wakeup 1
Jul  2 19:59:09 daveti-ThinkCentre-M58e kernel: [    1.528064] ehci-pci 0000:00:1d.7: suspend root hub
Jul  2 19:59:09 daveti-ThinkCentre-M58e kernel: [    2.108517] random: init urandom read with 101 bits of entropy available
Jul  2 19:59:09 daveti-ThinkCentre-M58e kernel: [    2.420059] Switched to clocksource tsc
Jul  2 19:59:09 daveti-ThinkCentre-M58e kernel: [    2.772719] random: nonblocking pool is initialized
Jul  2 19:59:09 daveti-ThinkCentre-M58e kernel: [    8.364686] Adding 4157436k swap on /dev/sda5.  Priority:-1 extents:1 across:4157436k FS
Jul  2 19:59:09 daveti-ThinkCentre-M58e kernel: [    8.432622] IPv6: ADDRCONF(NETDEV_UP): eth0: link is not ready
Jul  2 19:59:09 daveti-ThinkCentre-M58e kernel: [    9.277258] type=1400 audit(1404356344.233:2): apparmor="STATUS" operation="profile_load" profile="unconfined" name="/sbin/dhclient" pid=309 comm="apparmor_parser"
Jul  2 19:59:09 daveti-ThinkCentre-M58e kernel: [    9.277264] type=1400 audit(1404356344.233:3): apparmor="STATUS" operation="profile_load" profile="unconfined" name="/usr/lib/NetworkManager/nm-dhcp-client.action" pid=309 comm="apparmor_parser"
Jul  2 19:59:09 daveti-ThinkCentre-M58e kernel: [    9.277268] type=1400 audit(1404356344.233:4): apparmor="STATUS" operation="profile_load" profile="unconfined" name="/usr/lib/connman/scripts/dhclient-script" pid=309 comm="apparmor_parser"
Jul  2 19:59:09 daveti-ThinkCentre-M58e kernel: [    9.277633] type=1400 audit(1404356344.233:5): apparmor="STATUS" operation="profile_replace" profile="unconfined" name="/usr/lib/NetworkManager/nm-dhcp-client.action" pid=309 comm="apparmor_parser"
